[0.346s] Invoking command in '/home/dakshb2/sensor-fault-benchmark/build/sim_bringup': CMAKE_PREFIX_PATH=/home/dakshb2/ros2_ws/install/my_robot_description:/home/dakshb2/ros2_ws/install/my_robot_controller:/home/dakshb2/ros2_ws/install/diff_robot:/opt/ros/humble /usr/bin/cmake /home/dakshb2/sensor-fault-benchmark/sim_bringup -DCMAKE_INSTALL_PREFIX=/home/dakshb2/sensor-fault-benchmark/install/sim_bringup
[0.372s] -- The C compiler identification is GNU 11.4.0
[0.397s] -- The CXX compiler identification is GNU 11.4.0
[0.401s] -- Detecting C compiler ABI info
[0.435s] -- Detecting C compiler ABI info - done
[0.439s] -- Check for working C compiler: /usr/bin/cc - skipped
[0.439s] -- Detecting C compile features
[0.440s] -- Detecting C compile features - done
[0.441s] -- Detecting CXX compiler ABI info
[0.488s] -- Detecting CXX compiler ABI info - done
[0.488s] -- Check for working CXX compiler: /usr/bin/c++ - skipped
[0.488s] -- Detecting CXX compile features
[0.488s] -- Detecting CXX compile features - done
[0.488s] -- Found ament_cmake: 1.3.14 (/opt/ros/humble/share/ament_cmake/cmake)
[0.565s] -- Found Python3: /usr/bin/python3 (found version "3.10.12") found components: Interpreter 
[0.614s] -- Found ament_lint_auto: 0.12.15 (/opt/ros/humble/share/ament_lint_auto/cmake)
[0.654s] -- Added test 'lint_cmake' to check CMake code style
[0.654s] -- Added test 'xmllint' to check XML markup files
[0.655s] -- Configuring done
[0.656s] -- Generating done
[0.657s] -- Build files have been written to: /home/dakshb2/sensor-fault-benchmark/build/sim_bringup
[0.659s] Invoked command in '/home/dakshb2/sensor-fault-benchmark/build/sim_bringup' returned '0': CMAKE_PREFIX_PATH=/home/dakshb2/ros2_ws/install/my_robot_description:/home/dakshb2/ros2_ws/install/my_robot_controller:/home/dakshb2/ros2_ws/install/diff_robot:/opt/ros/humble /usr/bin/cmake /home/dakshb2/sensor-fault-benchmark/sim_bringup -DCMAKE_INSTALL_PREFIX=/home/dakshb2/sensor-fault-benchmark/install/sim_bringup
[0.660s] Invoking command in '/home/dakshb2/sensor-fault-benchmark/build/sim_bringup': CMAKE_PREFIX_PATH=/home/dakshb2/ros2_ws/install/my_robot_description:/home/dakshb2/ros2_ws/install/my_robot_controller:/home/dakshb2/ros2_ws/install/diff_robot:/opt/ros/humble /usr/bin/cmake --build /home/dakshb2/sensor-fault-benchmark/build/sim_bringup -- -j6 -l6
[0.674s] Invoked command in '/home/dakshb2/sensor-fault-benchmark/build/sim_bringup' returned '0': CMAKE_PREFIX_PATH=/home/dakshb2/ros2_ws/install/my_robot_description:/home/dakshb2/ros2_ws/install/my_robot_controller:/home/dakshb2/ros2_ws/install/diff_robot:/opt/ros/humble /usr/bin/cmake --build /home/dakshb2/sensor-fault-benchmark/build/sim_bringup -- -j6 -l6
[0.675s] Invoking command in '/home/dakshb2/sensor-fault-benchmark/build/sim_bringup': CMAKE_PREFIX_PATH=/home/dakshb2/ros2_ws/install/my_robot_description:/home/dakshb2/ros2_ws/install/my_robot_controller:/home/dakshb2/ros2_ws/install/diff_robot:/opt/ros/humble /usr/bin/cmake --install /home/dakshb2/sensor-fault-benchmark/build/sim_bringup
[0.678s] -- Install configuration: ""
[0.678s] -- Installing: /home/dakshb2/sensor-fault-benchmark/install/sim_bringup/share/ament_index/resource_index/package_run_dependencies/sim_bringup
[0.678s] -- Installing: /home/dakshb2/sensor-fault-benchmark/install/sim_bringup/share/ament_index/resource_index/parent_prefix_path/sim_bringup
[0.678s] -- Installing: /home/dakshb2/sensor-fault-benchmark/install/sim_bringup/share/sim_bringup/environment/ament_prefix_path.sh
[0.678s] -- Installing: /home/dakshb2/sensor-fault-benchmark/install/sim_bringup/share/sim_bringup/environment/ament_prefix_path.dsv
[0.678s] -- Installing: /home/dakshb2/sensor-fault-benchmark/install/sim_bringup/share/sim_bringup/environment/path.sh
[0.678s] -- Installing: /home/dakshb2/sensor-fault-benchmark/install/sim_bringup/share/sim_bringup/environment/path.dsv
[0.678s] -- Installing: /home/dakshb2/sensor-fault-benchmark/install/sim_bringup/share/sim_bringup/local_setup.bash
[0.678s] -- Installing: /home/dakshb2/sensor-fault-benchmark/install/sim_bringup/share/sim_bringup/local_setup.sh
[0.678s] -- Installing: /home/dakshb2/sensor-fault-benchmark/install/sim_bringup/share/sim_bringup/local_setup.zsh
[0.678s] -- Installing: /home/dakshb2/sensor-fault-benchmark/install/sim_bringup/share/sim_bringup/local_setup.dsv
[0.679s] -- Installing: /home/dakshb2/sensor-fault-benchmark/install/sim_bringup/share/sim_bringup/package.dsv
[0.679s] -- Installing: /home/dakshb2/sensor-fault-benchmark/install/sim_bringup/share/ament_index/resource_index/packages/sim_bringup
[0.679s] -- Installing: /home/dakshb2/sensor-fault-benchmark/install/sim_bringup/share/sim_bringup/cmake/sim_bringupConfig.cmake
[0.679s] -- Installing: /home/dakshb2/sensor-fault-benchmark/install/sim_bringup/share/sim_bringup/cmake/sim_bringupConfig-version.cmake
[0.679s] -- Installing: /home/dakshb2/sensor-fault-benchmark/install/sim_bringup/share/sim_bringup/package.xml
[0.680s] Invoked command in '/home/dakshb2/sensor-fault-benchmark/build/sim_bringup' returned '0': CMAKE_PREFIX_PATH=/home/dakshb2/ros2_ws/install/my_robot_description:/home/dakshb2/ros2_ws/install/my_robot_controller:/home/dakshb2/ros2_ws/install/diff_robot:/opt/ros/humble /usr/bin/cmake --install /home/dakshb2/sensor-fault-benchmark/build/sim_bringup
