[0.653s] Invoking command in '/home/dakshb2/sensor-fault-benchmark/build/fdir': PYTHONPATH=/home/dakshb2/sensor-fault-benchmark/build/fdir/prefix_override:/usr/lib/python3/dist-packages/colcon_core/task/python/colcon_distutils_commands:/home/dakshb2/sensor-fault-benchmark/install/fdir/lib/python3.10/site-packages:${PYTHONPATH} /usr/bin/python3 -W ignore:setup.py install is deprecated -W ignore:easy_install command is deprecated setup.py develop --editable --build-directory /home/dakshb2/sensor-fault-benchmark/build/fdir/build --no-deps symlink_data
[0.795s] running develop
[0.871s] running egg_info
[0.871s] creating fdir.egg-info
[0.871s] writing fdir.egg-info/PKG-INFO
[0.871s] writing dependency_links to fdir.egg-info/dependency_links.txt
[0.871s] writing entry points to fdir.egg-info/entry_points.txt
[0.871s] writing requirements to fdir.egg-info/requires.txt
[0.872s] writing top-level names to fdir.egg-info/top_level.txt
[0.872s] writing manifest file 'fdir.egg-info/SOURCES.txt'
[0.873s] reading manifest file 'fdir.egg-info/SOURCES.txt'
[0.875s] writing manifest file 'fdir.egg-info/SOURCES.txt'
[0.876s] running build_ext
[0.876s] Creating /home/dakshb2/sensor-fault-benchmark/install/fdir/lib/python3.10/site-packages/fdir.egg-link (link to .)
[0.876s] 
[0.876s] Installed /home/dakshb2/sensor-fault-benchmark/build/fdir
[0.876s] running symlink_data
[0.877s] creating /home/dakshb2/sensor-fault-benchmark/install/fdir/share/ament_index
[0.877s] creating /home/dakshb2/sensor-fault-benchmark/install/fdir/share/ament_index/resource_index
[0.877s] creating /home/dakshb2/sensor-fault-benchmark/install/fdir/share/ament_index/resource_index/packages
[0.877s] symbolically linking /home/dakshb2/sensor-fault-benchmark/build/fdir/resource/fdir -> /home/dakshb2/sensor-fault-benchmark/install/fdir/share/ament_index/resource_index/packages
[0.877s] symbolically linking /home/dakshb2/sensor-fault-benchmark/build/fdir/package.xml -> /home/dakshb2/sensor-fault-benchmark/install/fdir/share/fdir
[0.900s] Invoked command in '/home/dakshb2/sensor-fault-benchmark/build/fdir' returned '0': PYTHONPATH=/home/dakshb2/sensor-fault-benchmark/build/fdir/prefix_override:/usr/lib/python3/dist-packages/colcon_core/task/python/colcon_distutils_commands:/home/dakshb2/sensor-fault-benchmark/install/fdir/lib/python3.10/site-packages:${PYTHONPATH} /usr/bin/python3 -W ignore:setup.py install is deprecated -W ignore:easy_install command is deprecated setup.py develop --editable --build-directory /home/dakshb2/sensor-fault-benchmark/build/fdir/build --no-deps symlink_data
