-- The C compiler identification is GNU 11.4.0
-- The CXX compiler identification is GNU 11.4.0
-- Detecting C compiler ABI info
-- Detecting C compiler ABI info - done
-- Check for working C compiler: /usr/bin/cc - skipped
-- Detecting C compile features
-- Detecting C compile features - done
-- Detecting CXX compiler ABI info
-- Detecting CXX compiler ABI info - done
-- Check for working CXX compiler: /usr/bin/c++ - skipped
-- Detecting CXX compile features
-- Detecting CXX compile features - done
-- Found ament_cmake: 1.3.14 (/opt/ros/humble/share/ament_cmake/cmake)
-- Found Python3: /usr/bin/python3 (found version "3.10.12") found components: Interpreter 
-- Override CMake install command with custom implementation using symlinks instead of copying resources
-- Configuring done
-- Generating done
-- Build files have been written to: /home/dakshb2/sensor-fault-benchmark/build/sim_bringup
-- Install configuration: ""
-- Execute custom install script
-- Symlinking: /home/dakshb2/sensor-fault-benchmark/install/sim_bringup/share/sim_bringup/description/gazebo_control.xacro
-- Symlinking: /home/dakshb2/sensor-fault-benchmark/install/sim_bringup/share/sim_bringup/description/robot.urdf.xacro
-- Symlinking: /home/dakshb2/sensor-fault-benchmark/install/sim_bringup/share/sim_bringup/worlds/empty.sdf
-- Symlinking: /home/dakshb2/sensor-fault-benchmark/install/sim_bringup/share/sim_bringup/launch/bringup.launch.py
-- Symlinking: /home/dakshb2/sensor-fault-benchmark/install/sim_bringup/share/sim_bringup/config/bridge.yaml
-- Symlinking: /home/dakshb2/sensor-fault-benchmark/install/sim_bringup/share/sim_bringup/config/ekf.yaml
-- Symlinking: /home/dakshb2/sensor-fault-benchmark/install/sim_bringup/share/ament_index/resource_index/package_run_dependencies/sim_bringup
-- Symlinking: /home/dakshb2/sensor-fault-benchmark/install/sim_bringup/share/ament_index/resource_index/parent_prefix_path/sim_bringup
-- Symlinking: /home/dakshb2/sensor-fault-benchmark/install/sim_bringup/share/sim_bringup/environment/ament_prefix_path.sh
-- Symlinking: /home/dakshb2/sensor-fault-benchmark/install/sim_bringup/share/sim_bringup/environment/ament_prefix_path.dsv
-- Symlinking: /home/dakshb2/sensor-fault-benchmark/install/sim_bringup/share/sim_bringup/environment/path.sh
-- Symlinking: /home/dakshb2/sensor-fault-benchmark/install/sim_bringup/share/sim_bringup/environment/path.dsv
-- Symlinking: /home/dakshb2/sensor-fault-benchmark/install/sim_bringup/share/sim_bringup/local_setup.bash
-- Symlinking: /home/dakshb2/sensor-fault-benchmark/install/sim_bringup/share/sim_bringup/local_setup.sh
-- Symlinking: /home/dakshb2/sensor-fault-benchmark/install/sim_bringup/share/sim_bringup/local_setup.zsh
-- Symlinking: /home/dakshb2/sensor-fault-benchmark/install/sim_bringup/share/sim_bringup/local_setup.dsv
-- Symlinking: /home/dakshb2/sensor-fault-benchmark/install/sim_bringup/share/sim_bringup/package.dsv
-- Symlinking: /home/dakshb2/sensor-fault-benchmark/install/sim_bringup/share/ament_index/resource_index/packages/sim_bringup
-- Symlinking: /home/dakshb2/sensor-fault-benchmark/install/sim_bringup/share/sim_bringup/cmake/sim_bringupConfig.cmake
-- Symlinking: /home/dakshb2/sensor-fault-benchmark/install/sim_bringup/share/sim_bringup/cmake/sim_bringupConfig-version.cmake
-- Symlinking: /home/dakshb2/sensor-fault-benchmark/install/sim_bringup/share/sim_bringup/package.xml
