[0.421s] Invoking command in '/home/dakshb2/sensor-fault-benchmark/build/sim_bringup': CMAKE_PREFIX_PATH=/home/dakshb2/ros2_ws/install/my_robot_description:/home/dakshb2/ros2_ws/install/my_robot_controller:/home/dakshb2/ros2_ws/install/diff_robot:/opt/ros/humble /usr/bin/cmake /home/dakshb2/sensor-fault-benchmark/sim_bringup -DAMENT_CMAKE_SYMLINK_INSTALL=1 -DCMAKE_INSTALL_PREFIX=/home/dakshb2/sensor-fault-benchmark/install/sim_bringup
[0.448s] -- The C compiler identification is GNU 11.4.0
[0.488s] -- The CXX compiler identification is GNU 11.4.0
[0.494s] -- Detecting C compiler ABI info
[0.547s] -- Detecting C compiler ABI info - done
[0.555s] -- Check for working C compiler: /usr/bin/cc - skipped
[0.555s] -- Detecting C compile features
[0.555s] -- Detecting C compile features - done
[0.557s] -- Detecting CXX compiler ABI info
[0.645s] -- Detecting CXX compiler ABI info - done
[0.648s] -- Check for working CXX compiler: /usr/bin/c++ - skipped
[0.648s] -- Detecting CXX compile features
[0.648s] -- Detecting CXX compile features - done
[0.650s] -- Found ament_cmake: 1.3.14 (/opt/ros/humble/share/ament_cmake/cmake)
[0.746s] -- Found Python3: /usr/bin/python3 (found version "3.10.12") found components: Interpreter 
[0.793s] -- Override CMake install command with custom implementation using symlinks instead of copying resources
[0.866s] -- Configuring done
[0.868s] -- Generating done
[0.869s] -- Build files have been written to: /home/dakshb2/sensor-fault-benchmark/build/sim_bringup
[0.871s] Invoked command in '/home/dakshb2/sensor-fault-benchmark/build/sim_bringup' returned '0': CMAKE_PREFIX_PATH=/home/dakshb2/ros2_ws/install/my_robot_description:/home/dakshb2/ros2_ws/install/my_robot_controller:/home/dakshb2/ros2_ws/install/diff_robot:/opt/ros/humble /usr/bin/cmake /home/dakshb2/sensor-fault-benchmark/sim_bringup -DAMENT_CMAKE_SYMLINK_INSTALL=1 -DCMAKE_INSTALL_PREFIX=/home/dakshb2/sensor-fault-benchmark/install/sim_bringup
[0.873s] Invoking command in '/home/dakshb2/sensor-fault-benchmark/build/sim_bringup': CMAKE_PREFIX_PATH=/home/dakshb2/ros2_ws/install/my_robot_description:/home/dakshb2/ros2_ws/install/my_robot_controller:/home/dakshb2/ros2_ws/install/diff_robot:/opt/ros/humble /usr/bin/cmake --build /home/dakshb2/sensor-fault-benchmark/build/sim_bringup -- -j6 -l6
[0.903s] Invoked command in '/home/dakshb2/sensor-fault-benchmark/build/sim_bringup' returned '0': CMAKE_PREFIX_PATH=/home/dakshb2/ros2_ws/install/my_robot_description:/home/dakshb2/ros2_ws/install/my_robot_controller:/home/dakshb2/ros2_ws/install/diff_robot:/opt/ros/humble /usr/bin/cmake --build /home/dakshb2/sensor-fault-benchmark/build/sim_bringup -- -j6 -l6
[0.904s] Invoking command in '/home/dakshb2/sensor-fault-benchmark/build/sim_bringup': CMAKE_PREFIX_PATH=/home/dakshb2/ros2_ws/install/my_robot_description:/home/dakshb2/ros2_ws/install/my_robot_controller:/home/dakshb2/ros2_ws/install/diff_robot:/opt/ros/humble /usr/bin/cmake --install /home/dakshb2/sensor-fault-benchmark/build/sim_bringup
[0.907s] -- Install configuration: ""
[0.908s] -- Execute custom install script
[0.908s] -- Symlinking: /home/dakshb2/sensor-fault-benchmark/install/sim_bringup/share/sim_bringup/description/gazebo_control.xacro
[0.912s] -- Symlinking: /home/dakshb2/sensor-fault-benchmark/install/sim_bringup/share/sim_bringup/description/robot.urdf.xacro
[0.918s] -- Symlinking: /home/dakshb2/sensor-fault-benchmark/install/sim_bringup/share/sim_bringup/worlds/empty.sdf
[0.923s] -- Symlinking: /home/dakshb2/sensor-fault-benchmark/install/sim_bringup/share/sim_bringup/launch/bringup.launch.py
[0.934s] -- Symlinking: /home/dakshb2/sensor-fault-benchmark/install/sim_bringup/share/sim_bringup/config/bridge.yaml
[0.939s] -- Symlinking: /home/dakshb2/sensor-fault-benchmark/install/sim_bringup/share/sim_bringup/config/ekf.yaml
[0.943s] -- Symlinking: /home/dakshb2/sensor-fault-benchmark/install/sim_bringup/share/ament_index/resource_index/package_run_dependencies/sim_bringup
[0.946s] -- Symlinking: /home/dakshb2/sensor-fault-benchmark/install/sim_bringup/share/ament_index/resource_index/parent_prefix_path/sim_bringup
[0.950s] -- Symlinking: /home/dakshb2/sensor-fault-benchmark/install/sim_bringup/share/sim_bringup/environment/ament_prefix_path.sh
[0.955s] -- Symlinking: /home/dakshb2/sensor-fault-benchmark/install/sim_bringup/share/sim_bringup/environment/ament_prefix_path.dsv
[0.958s] -- Symlinking: /home/dakshb2/sensor-fault-benchmark/install/sim_bringup/share/sim_bringup/environment/path.sh
[0.961s] -- Symlinking: /home/dakshb2/sensor-fault-benchmark/install/sim_bringup/share/sim_bringup/environment/path.dsv
[0.969s] -- Symlinking: /home/dakshb2/sensor-fault-benchmark/install/sim_bringup/share/sim_bringup/local_setup.bash
[0.972s] -- Symlinking: /home/dakshb2/sensor-fault-benchmark/install/sim_bringup/share/sim_bringup/local_setup.sh
[0.977s] -- Symlinking: /home/dakshb2/sensor-fault-benchmark/install/sim_bringup/share/sim_bringup/local_setup.zsh
[0.984s] -- Symlinking: /home/dakshb2/sensor-fault-benchmark/install/sim_bringup/share/sim_bringup/local_setup.dsv
[0.988s] -- Symlinking: /home/dakshb2/sensor-fault-benchmark/install/sim_bringup/share/sim_bringup/package.dsv
[0.995s] -- Symlinking: /home/dakshb2/sensor-fault-benchmark/install/sim_bringup/share/ament_index/resource_index/packages/sim_bringup
[0.999s] -- Symlinking: /home/dakshb2/sensor-fault-benchmark/install/sim_bringup/share/sim_bringup/cmake/sim_bringupConfig.cmake
[1.002s] -- Symlinking: /home/dakshb2/sensor-fault-benchmark/install/sim_bringup/share/sim_bringup/cmake/sim_bringupConfig-version.cmake
[1.006s] -- Symlinking: /home/dakshb2/sensor-fault-benchmark/install/sim_bringup/share/sim_bringup/package.xml
[1.011s] Invoked command in '/home/dakshb2/sensor-fault-benchmark/build/sim_bringup' returned '0': CMAKE_PREFIX_PATH=/home/dakshb2/ros2_ws/install/my_robot_description:/home/dakshb2/ros2_ws/install/my_robot_controller:/home/dakshb2/ros2_ws/install/diff_robot:/opt/ros/humble /usr/bin/cmake --install /home/dakshb2/sensor-fault-benchmark/build/sim_bringup
