running egg_info
creating ../build/scoring/scoring.egg-info
writing ../build/scoring/scoring.egg-info/PKG-INFO
writing dependency_links to ../build/scoring/scoring.egg-info/dependency_links.txt
writing entry points to ../build/scoring/scoring.egg-info/entry_points.txt
writing requirements to ../build/scoring/scoring.egg-info/requires.txt
writing top-level names to ../build/scoring/scoring.egg-info/top_level.txt
writing manifest file '../build/scoring/scoring.egg-info/SOURCES.txt'
reading manifest file '../build/scoring/scoring.egg-info/SOURCES.txt'
writing manifest file '../build/scoring/scoring.egg-info/SOURCES.txt'
running build
running build_py
creating /home/dakshb2/sensor-fault-benchmark/build/scoring/build
creating /home/dakshb2/sensor-fault-benchmark/build/scoring/build/lib
creating /home/dakshb2/sensor-fault-benchmark/build/scoring/build/lib/scoring
copying scoring/__init__.py -> /home/dakshb2/sensor-fault-benchmark/build/scoring/build/lib/scoring
running install
running install_lib
creating /home/dakshb2/sensor-fault-benchmark/install/scoring/lib/python3.10/site-packages/scoring
copying /home/dakshb2/sensor-fault-benchmark/build/scoring/build/lib/scoring/__init__.py -> /home/dakshb2/sensor-fault-benchmark/install/scoring/lib/python3.10/site-packages/scoring
byte-compiling /home/dakshb2/sensor-fault-benchmark/install/scoring/lib/python3.10/site-packages/scoring/__init__.py to __init__.cpython-310.pyc
running install_data
creating /home/dakshb2/sensor-fault-benchmark/install/scoring/share/ament_index
creating /home/dakshb2/sensor-fault-benchmark/install/scoring/share/ament_index/resource_index
creating /home/dakshb2/sensor-fault-benchmark/install/scoring/share/ament_index/resource_index/packages
copying resource/scoring -> /home/dakshb2/sensor-fault-benchmark/install/scoring/share/ament_index/resource_index/packages
copying package.xml -> /home/dakshb2/sensor-fault-benchmark/install/scoring/share/scoring
running install_egg_info
Copying ../build/scoring/scoring.egg-info to /home/dakshb2/sensor-fault-benchmark/install/scoring/lib/python3.10/site-packages/scoring-0.0.0-py3.10.egg-info
running install_scripts
writing list of installed files to '/home/dakshb2/sensor-fault-benchmark/build/scoring/install.log'
