[0.055s] DEBUG:colcon:Command line arguments: ['/usr/bin/colcon', 'build', '--symlink-install']
[0.055s] DEBUG:colcon:Parsed command line arguments: Namespace(log_base=None, log_level=None, verb_name='build', build_base='build', install_base='install', merge_install=False, symlink_install=True, test_result_base=None, continue_on_error=False, executor='parallel', parallel_workers=6, event_handlers=None, ignore_user_meta=False, metas=['./colcon.meta'], base_paths=['.'], packages_ignore=None, packages_ignore_regex=None, paths=None, packages_up_to=None, packages_up_to_regex=None, packages_above=None, packages_above_and_dependencies=None, packages_above_depth=None, packages_select_by_dep=None, packages_skip_by_dep=None, packages_skip_up_to=None, packages_select_build_failed=False, packages_skip_build_finished=False, packages_select_test_failures=False, packages_skip_test_passed=False, packages_select=None, packages_skip=None, packages_select_regex=None, packages_skip_regex=None, packages_start=None, packages_end=None, allow_overriding=[], cmake_args=None, cmake_target=None, cmake_target_skip_unavailable=False, cmake_clean_cache=False, cmake_clean_first=False, cmake_force_configure=False, ament_cmake_args=None, catkin_cmake_args=None, catkin_skip_building_tests=False, verb_parser=<colcon_defaults.argument_parser.defaults.DefaultArgumentsDecorator object at 0xffffb89cd360>, verb_extension=<colcon_core.verb.build.BuildVerb object at 0xffffb8b8e7d0>, main=<bound method BuildVerb.main of <colcon_core.verb.build.BuildVerb object at 0xffffb8b8e7d0>>)
[0.139s] Level 1:colcon.colcon_core.package_discovery:discover_packages(colcon_meta) check parameters
[0.139s] Level 1:colcon.colcon_core.package_discovery:discover_packages(recursive) check parameters
[0.140s] Level 1:colcon.colcon_core.package_discovery:discover_packages(ignore) check parameters
[0.140s] Level 1:colcon.colcon_core.package_discovery:discover_packages(path) check parameters
[0.140s] Level 1:colcon.colcon_core.package_discovery:discover_packages(colcon_meta) discover
[0.140s] Level 1:colcon.colcon_core.package_discovery:discover_packages(recursive) discover
[0.140s] INFO:colcon.colcon_core.package_discovery:Crawling recursively for packages in '/home/dakshb2/sensor-fault-benchmark'
[0.140s] Level 1:colcon.colcon_core.package_identification:_identify(.) by extensions ['ignore', 'ignore_ament_install']
[0.140s] Level 1:colcon.colcon_core.package_identification:_identify(.) by extension 'ignore'
[0.140s] Level 1:colcon.colcon_core.package_identification:_identify(.) by extension 'ignore_ament_install'
[0.140s] Level 1:colcon.colcon_core.package_identification:_identify(.) by extensions ['colcon_pkg']
[0.140s] Level 1:colcon.colcon_core.package_identification:_identify(.) by extension 'colcon_pkg'
[0.140s] Level 1:colcon.colcon_core.package_identification:_identify(.) by extensions ['colcon_meta']
[0.140s] Level 1:colcon.colcon_core.package_identification:_identify(.) by extension 'colcon_meta'
[0.140s] Level 1:colcon.colcon_core.package_identification:_identify(.) by extensions ['ros']
[0.140s] Level 1:colcon.colcon_core.package_identification:_identify(.) by extension 'ros'
[0.146s] Level 1:colcon.colcon_core.package_identification:_identify(.) by extensions ['cmake', 'python']
[0.146s] Level 1:colcon.colcon_core.package_identification:_identify(.) by extension 'cmake'
[0.146s] Level 1:colcon.colcon_core.package_identification:_identify(.) by extension 'python'
[0.146s] Level 1:colcon.colcon_core.package_identification:_identify(.) by extensions ['python_setup_py']
[0.146s] Level 1:colcon.colcon_core.package_identification:_identify(.) by extension 'python_setup_py'
[0.146s] Level 1:colcon.colcon_core.package_identification:_identify(build) by extensions ['ignore', 'ignore_ament_install']
[0.146s] Level 1:colcon.colcon_core.package_identification:_identify(build) by extension 'ignore'
[0.146s] Level 1:colcon.colcon_core.package_identification:_identify(build) ignored
[0.146s] Level 1:colcon.colcon_core.package_identification:_identify(experiments) by extensions ['ignore', 'ignore_ament_install']
[0.146s] Level 1:colcon.colcon_core.package_identification:_identify(experiments) by extension 'ignore'
[0.146s] Level 1:colcon.colcon_core.package_identification:_identify(experiments) by extension 'ignore_ament_install'
[0.146s] Level 1:colcon.colcon_core.package_identification:_identify(experiments) by extensions ['colcon_pkg']
[0.146s] Level 1:colcon.colcon_core.package_identification:_identify(experiments) by extension 'colcon_pkg'
[0.146s] Level 1:colcon.colcon_core.package_identification:_identify(experiments) by extensions ['colcon_meta']
[0.146s] Level 1:colcon.colcon_core.package_identification:_identify(experiments) by extension 'colcon_meta'
[0.146s] Level 1:colcon.colcon_core.package_identification:_identify(experiments) by extensions ['ros']
[0.146s] Level 1:colcon.colcon_core.package_identification:_identify(experiments) by extension 'ros'
[0.147s] DEBUG:colcon.colcon_core.package_identification:Package 'experiments' with type 'ros.ament_cmake' and name 'experiments'
[0.147s] Level 1:colcon.colcon_core.package_identification:_identify(fault_injector) by extensions ['ignore', 'ignore_ament_install']
[0.147s] Level 1:colcon.colcon_core.package_identification:_identify(fault_injector) by extension 'ignore'
[0.147s] Level 1:colcon.colcon_core.package_identification:_identify(fault_injector) by extension 'ignore_ament_install'
[0.147s] Level 1:colcon.colcon_core.package_identification:_identify(fault_injector) by extensions ['colcon_pkg']
[0.147s] Level 1:colcon.colcon_core.package_identification:_identify(fault_injector) by extension 'colcon_pkg'
[0.147s] Level 1:colcon.colcon_core.package_identification:_identify(fault_injector) by extensions ['colcon_meta']
[0.147s] Level 1:colcon.colcon_core.package_identification:_identify(fault_injector) by extension 'colcon_meta'
[0.147s] Level 1:colcon.colcon_core.package_identification:_identify(fault_injector) by extensions ['ros']
[0.147s] Level 1:colcon.colcon_core.package_identification:_identify(fault_injector) by extension 'ros'
[0.147s] DEBUG:colcon.colcon_core.package_identification:Package 'fault_injector' with type 'ros.ament_python' and name 'fault_injector'
[0.147s] Level 1:colcon.colcon_core.package_identification:_identify(fdir) by extensions ['ignore', 'ignore_ament_install']
[0.147s] Level 1:colcon.colcon_core.package_identification:_identify(fdir) by extension 'ignore'
[0.147s] Level 1:colcon.colcon_core.package_identification:_identify(fdir) by extension 'ignore_ament_install'
[0.147s] Level 1:colcon.colcon_core.package_identification:_identify(fdir) by extensions ['colcon_pkg']
[0.148s] Level 1:colcon.colcon_core.package_identification:_identify(fdir) by extension 'colcon_pkg'
[0.148s] Level 1:colcon.colcon_core.package_identification:_identify(fdir) by extensions ['colcon_meta']
[0.148s] Level 1:colcon.colcon_core.package_identification:_identify(fdir) by extension 'colcon_meta'
[0.148s] Level 1:colcon.colcon_core.package_identification:_identify(fdir) by extensions ['ros']
[0.148s] Level 1:colcon.colcon_core.package_identification:_identify(fdir) by extension 'ros'
[0.148s] DEBUG:colcon.colcon_core.package_identification:Package 'fdir' with type 'ros.ament_python' and name 'fdir'
[0.148s] Level 1:colcon.colcon_core.package_identification:_identify(install) by extensions ['ignore', 'ignore_ament_install']
[0.148s] Level 1:colcon.colcon_core.package_identification:_identify(install) by extension 'ignore'
[0.148s] Level 1:colcon.colcon_core.package_identification:_identify(install) ignored
[0.148s] Level 1:colcon.colcon_core.package_identification:_identify(log) by extensions ['ignore', 'ignore_ament_install']
[0.148s] Level 1:colcon.colcon_core.package_identification:_identify(log) by extension 'ignore'
[0.148s] Level 1:colcon.colcon_core.package_identification:_identify(log) ignored
[0.148s] Level 1:colcon.colcon_core.package_identification:_identify(scoring) by extensions ['ignore', 'ignore_ament_install']
[0.148s] Level 1:colcon.colcon_core.package_identification:_identify(scoring) by extension 'ignore'
[0.148s] Level 1:colcon.colcon_core.package_identification:_identify(scoring) by extension 'ignore_ament_install'
[0.148s] Level 1:colcon.colcon_core.package_identification:_identify(scoring) by extensions ['colcon_pkg']
[0.148s] Level 1:colcon.colcon_core.package_identification:_identify(scoring) by extension 'colcon_pkg'
[0.148s] Level 1:colcon.colcon_core.package_identification:_identify(scoring) by extensions ['colcon_meta']
[0.148s] Level 1:colcon.colcon_core.package_identification:_identify(scoring) by extension 'colcon_meta'
[0.148s] Level 1:colcon.colcon_core.package_identification:_identify(scoring) by extensions ['ros']
[0.148s] Level 1:colcon.colcon_core.package_identification:_identify(scoring) by extension 'ros'
[0.148s] DEBUG:colcon.colcon_core.package_identification:Package 'scoring' with type 'ros.ament_python' and name 'scoring'
[0.148s] Level 1:colcon.colcon_core.package_identification:_identify(sim_bringup) by extensions ['ignore', 'ignore_ament_install']
[0.148s] Level 1:colcon.colcon_core.package_identification:_identify(sim_bringup) by extension 'ignore'
[0.148s] Level 1:colcon.colcon_core.package_identification:_identify(sim_bringup) by extension 'ignore_ament_install'
[0.148s] Level 1:colcon.colcon_core.package_identification:_identify(sim_bringup) by extensions ['colcon_pkg']
[0.148s] Level 1:colcon.colcon_core.package_identification:_identify(sim_bringup) by extension 'colcon_pkg'
[0.148s] Level 1:colcon.colcon_core.package_identification:_identify(sim_bringup) by extensions ['colcon_meta']
[0.149s] Level 1:colcon.colcon_core.package_identification:_identify(sim_bringup) by extension 'colcon_meta'
[0.149s] Level 1:colcon.colcon_core.package_identification:_identify(sim_bringup) by extensions ['ros']
[0.149s] Level 1:colcon.colcon_core.package_identification:_identify(sim_bringup) by extension 'ros'
[0.149s] DEBUG:colcon.colcon_core.package_identification:Package 'sim_bringup' with type 'ros.ament_cmake' and name 'sim_bringup'
[0.149s] Level 1:colcon.colcon_core.package_discovery:discover_packages(recursive) using defaults
[0.149s] Level 1:colcon.colcon_core.package_discovery:discover_packages(ignore) discover
[0.149s] Level 1:colcon.colcon_core.package_discovery:discover_packages(ignore) using defaults
[0.149s] Level 1:colcon.colcon_core.package_discovery:discover_packages(path) discover
[0.149s] Level 1:colcon.colcon_core.package_discovery:discover_packages(path) using defaults
[0.164s] Level 1:colcon.colcon_core.package_discovery:discover_packages(prefix_path) check parameters
[0.164s] Level 1:colcon.colcon_core.package_discovery:discover_packages(prefix_path) discover
[0.165s] DEBUG:colcon.colcon_installed_package_information.package_discovery:Found 3 installed packages in /home/dakshb2/ros2_ws/install
[0.166s] DEBUG:colcon.colcon_installed_package_information.package_discovery:Found 334 installed packages in /opt/ros/humble
[0.166s] Level 1:colcon.colcon_core.package_discovery:discover_packages(prefix_path) using defaults
[0.190s] Level 5:colcon.colcon_core.verb:set package 'experiments' build argument 'cmake_args' from command line to 'None'
[0.190s] Level 5:colcon.colcon_core.verb:set package 'experiments' build argument 'cmake_target' from command line to 'None'
[0.190s] Level 5:colcon.colcon_core.verb:set package 'experiments' build argument 'cmake_target_skip_unavailable' from command line to 'False'
[0.190s] Level 5:colcon.colcon_core.verb:set package 'experiments' build argument 'cmake_clean_cache' from command line to 'False'
[0.190s] Level 5:colcon.colcon_core.verb:set package 'experiments' build argument 'cmake_clean_first' from command line to 'False'
[0.190s] Level 5:colcon.colcon_core.verb:set package 'experiments' build argument 'cmake_force_configure' from command line to 'False'
[0.190s] Level 5:colcon.colcon_core.verb:set package 'experiments' build argument 'ament_cmake_args' from command line to 'None'
[0.190s] Level 5:colcon.colcon_core.verb:set package 'experiments' build argument 'catkin_cmake_args' from command line to 'None'
[0.190s] Level 5:colcon.colcon_core.verb:set package 'experiments' build argument 'catkin_skip_building_tests' from command line to 'False'
[0.190s] DEBUG:colcon.colcon_core.verb:Building package 'experiments' with the following arguments: {'ament_cmake_args': None, 'build_base': '/home/dakshb2/sensor-fault-benchmark/build/experiments', 'catkin_cmake_args': None, 'catkin_skip_building_tests': False, 'cmake_args': None, 'cmake_clean_cache': False, 'cmake_clean_first': False, 'cmake_force_configure': False, 'cmake_target': None, 'cmake_target_skip_unavailable': False, 'install_base': '/home/dakshb2/sensor-fault-benchmark/install/experiments', 'merge_install': False, 'path': '/home/dakshb2/sensor-fault-benchmark/experiments', 'symlink_install': True, 'test_result_base': None}
[0.190s] Level 5:colcon.colcon_core.verb:set package 'fault_injector' build argument 'cmake_args' from command line to 'None'
[0.190s] Level 5:colcon.colcon_core.verb:set package 'fault_injector' build argument 'cmake_target' from command line to 'None'
[0.190s] Level 5:colcon.colcon_core.verb:set package 'fault_injector' build argument 'cmake_target_skip_unavailable' from command line to 'False'
[0.190s] Level 5:colcon.colcon_core.verb:set package 'fault_injector' build argument 'cmake_clean_cache' from command line to 'False'
[0.190s] Level 5:colcon.colcon_core.verb:set package 'fault_injector' build argument 'cmake_clean_first' from command line to 'False'
[0.190s] Level 5:colcon.colcon_core.verb:set package 'fault_injector' build argument 'cmake_force_configure' from command line to 'False'
[0.190s] Level 5:colcon.colcon_core.verb:set package 'fault_injector' build argument 'ament_cmake_args' from command line to 'None'
[0.190s] Level 5:colcon.colcon_core.verb:set package 'fault_injector' build argument 'catkin_cmake_args' from command line to 'None'
[0.190s] Level 5:colcon.colcon_core.verb:set package 'fault_injector' build argument 'catkin_skip_building_tests' from command line to 'False'
[0.190s] DEBUG:colcon.colcon_core.verb:Building package 'fault_injector' with the following arguments: {'ament_cmake_args': None, 'build_base': '/home/dakshb2/sensor-fault-benchmark/build/fault_injector', 'catkin_cmake_args': None, 'catkin_skip_building_tests': False, 'cmake_args': None, 'cmake_clean_cache': False, 'cmake_clean_first': False, 'cmake_force_configure': False, 'cmake_target': None, 'cmake_target_skip_unavailable': False, 'install_base': '/home/dakshb2/sensor-fault-benchmark/install/fault_injector', 'merge_install': False, 'path': '/home/dakshb2/sensor-fault-benchmark/fault_injector', 'symlink_install': True, 'test_result_base': None}
[0.190s] Level 5:colcon.colcon_core.verb:set package 'fdir' build argument 'cmake_args' from command line to 'None'
[0.190s] Level 5:colcon.colcon_core.verb:set package 'fdir' build argument 'cmake_target' from command line to 'None'
[0.190s] Level 5:colcon.colcon_core.verb:set package 'fdir' build argument 'cmake_target_skip_unavailable' from command line to 'False'
[0.190s] Level 5:colcon.colcon_core.verb:set package 'fdir' build argument 'cmake_clean_cache' from command line to 'False'
[0.190s] Level 5:colcon.colcon_core.verb:set package 'fdir' build argument 'cmake_clean_first' from command line to 'False'
[0.190s] Level 5:colcon.colcon_core.verb:set package 'fdir' build argument 'cmake_force_configure' from command line to 'False'
[0.190s] Level 5:colcon.colcon_core.verb:set package 'fdir' build argument 'ament_cmake_args' from command line to 'None'
[0.190s] Level 5:colcon.colcon_core.verb:set package 'fdir' build argument 'catkin_cmake_args' from command line to 'None'
[0.190s] Level 5:colcon.colcon_core.verb:set package 'fdir' build argument 'catkin_skip_building_tests' from command line to 'False'
[0.190s] DEBUG:colcon.colcon_core.verb:Building package 'fdir' with the following arguments: {'ament_cmake_args': None, 'build_base': '/home/dakshb2/sensor-fault-benchmark/build/fdir', 'catkin_cmake_args': None, 'catkin_skip_building_tests': False, 'cmake_args': None, 'cmake_clean_cache': False, 'cmake_clean_first': False, 'cmake_force_configure': False, 'cmake_target': None, 'cmake_target_skip_unavailable': False, 'install_base': '/home/dakshb2/sensor-fault-benchmark/install/fdir', 'merge_install': False, 'path': '/home/dakshb2/sensor-fault-benchmark/fdir', 'symlink_install': True, 'test_result_base': None}
[0.190s] Level 5:colcon.colcon_core.verb:set package 'scoring' build argument 'cmake_args' from command line to 'None'
[0.190s] Level 5:colcon.colcon_core.verb:set package 'scoring' build argument 'cmake_target' from command line to 'None'
[0.190s] Level 5:colcon.colcon_core.verb:set package 'scoring' build argument 'cmake_target_skip_unavailable' from command line to 'False'
[0.190s] Level 5:colcon.colcon_core.verb:set package 'scoring' build argument 'cmake_clean_cache' from command line to 'False'
[0.190s] Level 5:colcon.colcon_core.verb:set package 'scoring' build argument 'cmake_clean_first' from command line to 'False'
[0.190s] Level 5:colcon.colcon_core.verb:set package 'scoring' build argument 'cmake_force_configure' from command line to 'False'
[0.190s] Level 5:colcon.colcon_core.verb:set package 'scoring' build argument 'ament_cmake_args' from command line to 'None'
[0.190s] Level 5:colcon.colcon_core.verb:set package 'scoring' build argument 'catkin_cmake_args' from command line to 'None'
[0.190s] Level 5:colcon.colcon_core.verb:set package 'scoring' build argument 'catkin_skip_building_tests' from command line to 'False'
[0.190s] DEBUG:colcon.colcon_core.verb:Building package 'scoring' with the following arguments: {'ament_cmake_args': None, 'build_base': '/home/dakshb2/sensor-fault-benchmark/build/scoring', 'catkin_cmake_args': None, 'catkin_skip_building_tests': False, 'cmake_args': None, 'cmake_clean_cache': False, 'cmake_clean_first': False, 'cmake_force_configure': False, 'cmake_target': None, 'cmake_target_skip_unavailable': False, 'install_base': '/home/dakshb2/sensor-fault-benchmark/install/scoring', 'merge_install': False, 'path': '/home/dakshb2/sensor-fault-benchmark/scoring', 'symlink_install': True, 'test_result_base': None}
[0.191s] Level 5:colcon.colcon_core.verb:set package 'sim_bringup' build argument 'cmake_args' from command line to 'None'
[0.191s] Level 5:colcon.colcon_core.verb:set package 'sim_bringup' build argument 'cmake_target' from command line to 'None'
[0.191s] Level 5:colcon.colcon_core.verb:set package 'sim_bringup' build argument 'cmake_target_skip_unavailable' from command line to 'False'
[0.191s] Level 5:colcon.colcon_core.verb:set package 'sim_bringup' build argument 'cmake_clean_cache' from command line to 'False'
[0.191s] Level 5:colcon.colcon_core.verb:set package 'sim_bringup' build argument 'cmake_clean_first' from command line to 'False'
[0.191s] Level 5:colcon.colcon_core.verb:set package 'sim_bringup' build argument 'cmake_force_configure' from command line to 'False'
[0.191s] Level 5:colcon.colcon_core.verb:set package 'sim_bringup' build argument 'ament_cmake_args' from command line to 'None'
[0.191s] Level 5:colcon.colcon_core.verb:set package 'sim_bringup' build argument 'catkin_cmake_args' from command line to 'None'
[0.191s] Level 5:colcon.colcon_core.verb:set package 'sim_bringup' build argument 'catkin_skip_building_tests' from command line to 'False'
[0.191s] DEBUG:colcon.colcon_core.verb:Building package 'sim_bringup' with the following arguments: {'ament_cmake_args': None, 'build_base': '/home/dakshb2/sensor-fault-benchmark/build/sim_bringup', 'catkin_cmake_args': None, 'catkin_skip_building_tests': False, 'cmake_args': None, 'cmake_clean_cache': False, 'cmake_clean_first': False, 'cmake_force_configure': False, 'cmake_target': None, 'cmake_target_skip_unavailable': False, 'install_base': '/home/dakshb2/sensor-fault-benchmark/install/sim_bringup', 'merge_install': False, 'path': '/home/dakshb2/sensor-fault-benchmark/sim_bringup', 'symlink_install': True, 'test_result_base': None}
[0.191s] INFO:colcon.colcon_core.executor:Executing jobs using 'parallel' executor
[0.191s] DEBUG:colcon.colcon_parallel_executor.executor.parallel:run_until_complete
[0.191s] INFO:colcon.colcon_ros.task.ament_cmake.build:Building ROS package in '/home/dakshb2/sensor-fault-benchmark/experiments' with build type 'ament_cmake'
[0.191s] INFO:colcon.colcon_cmake.task.cmake.build:Building CMake package in '/home/dakshb2/sensor-fault-benchmark/experiments'
[0.193s] INFO:colcon.colcon_core.plugin_system:Skipping extension 'colcon_core.shell.bat': Not used on non-Windows systems
[0.193s] INFO:colcon.colcon_core.shell:Skip shell extension 'powershell' for command environment: Not usable outside of PowerShell
[0.193s] DEBUG:colcon.colcon_core.shell:Skip shell extension 'dsv' for command environment
[0.195s] INFO:colcon.colcon_ros.task.ament_python.build:Building ROS package in '/home/dakshb2/sensor-fault-benchmark/fault_injector' with build type 'ament_python'
[0.195s] Level 1:colcon.colcon_core.shell:create_environment_hook('fault_injector', 'ament_prefix_path')
[0.195s] INFO:colcon.colcon_core.shell:Creating environment hook '/home/dakshb2/sensor-fault-benchmark/install/fault_injector/share/fault_injector/hook/ament_prefix_path.ps1'
[0.196s] INFO:colcon.colcon_core.shell:Creating environment descriptor '/home/dakshb2/sensor-fault-benchmark/install/fault_injector/share/fault_injector/hook/ament_prefix_path.dsv'
[0.196s] INFO:colcon.colcon_core.shell:Creating environment hook '/home/dakshb2/sensor-fault-benchmark/install/fault_injector/share/fault_injector/hook/ament_prefix_path.sh'
[0.196s] INFO:colcon.colcon_core.shell:Skip shell extension 'powershell' for command environment: Not usable outside of PowerShell
[0.196s] DEBUG:colcon.colcon_core.shell:Skip shell extension 'dsv' for command environment
[0.198s] INFO:colcon.colcon_ros.task.ament_python.build:Building ROS package in '/home/dakshb2/sensor-fault-benchmark/fdir' with build type 'ament_python'
[0.198s] Level 1:colcon.colcon_core.shell:create_environment_hook('fdir', 'ament_prefix_path')
[0.198s] INFO:colcon.colcon_core.shell:Creating environment hook '/home/dakshb2/sensor-fault-benchmark/install/fdir/share/fdir/hook/ament_prefix_path.ps1'
[0.199s] INFO:colcon.colcon_core.shell:Creating environment descriptor '/home/dakshb2/sensor-fault-benchmark/install/fdir/share/fdir/hook/ament_prefix_path.dsv'
[0.199s] INFO:colcon.colcon_core.shell:Creating environment hook '/home/dakshb2/sensor-fault-benchmark/install/fdir/share/fdir/hook/ament_prefix_path.sh'
[0.199s] INFO:colcon.colcon_core.shell:Skip shell extension 'powershell' for command environment: Not usable outside of PowerShell
[0.199s] DEBUG:colcon.colcon_core.shell:Skip shell extension 'dsv' for command environment
[0.201s] INFO:colcon.colcon_ros.task.ament_python.build:Building ROS package in '/home/dakshb2/sensor-fault-benchmark/scoring' with build type 'ament_python'
[0.201s] Level 1:colcon.colcon_core.shell:create_environment_hook('scoring', 'ament_prefix_path')
[0.201s] INFO:colcon.colcon_core.shell:Creating environment hook '/home/dakshb2/sensor-fault-benchmark/install/scoring/share/scoring/hook/ament_prefix_path.ps1'
[0.202s] INFO:colcon.colcon_core.shell:Creating environment descriptor '/home/dakshb2/sensor-fault-benchmark/install/scoring/share/scoring/hook/ament_prefix_path.dsv'
[0.202s] INFO:colcon.colcon_core.shell:Creating environment hook '/home/dakshb2/sensor-fault-benchmark/install/scoring/share/scoring/hook/ament_prefix_path.sh'
[0.203s] INFO:colcon.colcon_core.shell:Skip shell extension 'powershell' for command environment: Not usable outside of PowerShell
[0.203s] DEBUG:colcon.colcon_core.shell:Skip shell extension 'dsv' for command environment
[0.207s] INFO:colcon.colcon_ros.task.ament_cmake.build:Building ROS package in '/home/dakshb2/sensor-fault-benchmark/sim_bringup' with build type 'ament_cmake'
[0.207s] INFO:colcon.colcon_cmake.task.cmake.build:Building CMake package in '/home/dakshb2/sensor-fault-benchmark/sim_bringup'
[0.207s] INFO:colcon.colcon_core.shell:Skip shell extension 'powershell' for command environment: Not usable outside of PowerShell
[0.207s] DEBUG:colcon.colcon_core.shell:Skip shell extension 'dsv' for command environment
[0.212s] DEBUG:colcon.colcon_core.event_handler.log_command:Invoking command in '/home/dakshb2/sensor-fault-benchmark/build/experiments': CMAKE_PREFIX_PATH=/home/dakshb2/ros2_ws/install/my_robot_description:/home/dakshb2/ros2_ws/install/my_robot_controller:/home/dakshb2/ros2_ws/install/diff_robot:/opt/ros/humble /usr/bin/cmake /home/dakshb2/sensor-fault-benchmark/experiments -DAMENT_CMAKE_SYMLINK_INSTALL=1 -DCMAKE_INSTALL_PREFIX=/home/dakshb2/sensor-fault-benchmark/install/experiments
[0.349s] INFO:colcon.colcon_core.task.python.build:Building Python package in '/home/dakshb2/sensor-fault-benchmark/fault_injector'
[0.349s] INFO:colcon.colcon_core.shell:Skip shell extension 'powershell' for command environment: Not usable outside of PowerShell
[0.349s] DEBUG:colcon.colcon_core.shell:Skip shell extension 'dsv' for command environment
[0.485s] INFO:colcon.colcon_core.task.python.build:Building Python package in '/home/dakshb2/sensor-fault-benchmark/fdir'
[0.485s] INFO:colcon.colcon_core.shell:Skip shell extension 'powershell' for command environment: Not usable outside of PowerShell
[0.485s] DEBUG:colcon.colcon_core.shell:Skip shell extension 'dsv' for command environment
[0.620s] INFO:colcon.colcon_core.task.python.build:Building Python package in '/home/dakshb2/sensor-fault-benchmark/scoring'
[0.620s] INFO:colcon.colcon_core.shell:Skip shell extension 'powershell' for command environment: Not usable outside of PowerShell
[0.620s] DEBUG:colcon.colcon_core.shell:Skip shell extension 'dsv' for command environment
[0.629s] DEBUG:colcon.colcon_core.event_handler.log_command:Invoking command in '/home/dakshb2/sensor-fault-benchmark/build/sim_bringup': CMAKE_PREFIX_PATH=/home/dakshb2/ros2_ws/install/my_robot_description:/home/dakshb2/ros2_ws/install/my_robot_controller:/home/dakshb2/ros2_ws/install/diff_robot:/opt/ros/humble /usr/bin/cmake /home/dakshb2/sensor-fault-benchmark/sim_bringup -DAMENT_CMAKE_SYMLINK_INSTALL=1 -DCMAKE_INSTALL_PREFIX=/home/dakshb2/sensor-fault-benchmark/install/sim_bringup
[0.630s] DEBUG:colcon.colcon_core.event_handler.log_command:Invoked command in '/home/dakshb2/sensor-fault-benchmark/build/experiments' returned '0': CMAKE_PREFIX_PATH=/home/dakshb2/ros2_ws/install/my_robot_description:/home/dakshb2/ros2_ws/install/my_robot_controller:/home/dakshb2/ros2_ws/install/diff_robot:/opt/ros/humble /usr/bin/cmake /home/dakshb2/sensor-fault-benchmark/experiments -DAMENT_CMAKE_SYMLINK_INSTALL=1 -DCMAKE_INSTALL_PREFIX=/home/dakshb2/sensor-fault-benchmark/install/experiments
[0.631s] DEBUG:colcon.colcon_core.event_handler.log_command:Invoking command in '/home/dakshb2/sensor-fault-benchmark/build/experiments': CMAKE_PREFIX_PATH=/home/dakshb2/ros2_ws/install/my_robot_description:/home/dakshb2/ros2_ws/install/my_robot_controller:/home/dakshb2/ros2_ws/install/diff_robot:/opt/ros/humble /usr/bin/cmake --build /home/dakshb2/sensor-fault-benchmark/build/experiments -- -j6 -l6
[0.654s] DEBUG:colcon.colcon_core.event_handler.log_command:Invoked command in '/home/dakshb2/sensor-fault-benchmark/build/experiments' returned '0': CMAKE_PREFIX_PATH=/home/dakshb2/ros2_ws/install/my_robot_description:/home/dakshb2/ros2_ws/install/my_robot_controller:/home/dakshb2/ros2_ws/install/diff_robot:/opt/ros/humble /usr/bin/cmake --build /home/dakshb2/sensor-fault-benchmark/build/experiments -- -j6 -l6
[0.659s] DEBUG:colcon.colcon_core.event_handler.log_command:Invoking command in '/home/dakshb2/sensor-fault-benchmark/build/experiments': CMAKE_PREFIX_PATH=/home/dakshb2/ros2_ws/install/my_robot_description:/home/dakshb2/ros2_ws/install/my_robot_controller:/home/dakshb2/ros2_ws/install/diff_robot:/opt/ros/humble /usr/bin/cmake --install /home/dakshb2/sensor-fault-benchmark/build/experiments
[0.730s] Level 1:colcon.colcon_core.environment:create_environment_scripts_only(experiments)
[0.732s] Level 1:colcon.colcon_core.environment:checking '/home/dakshb2/sensor-fault-benchmark/install/experiments' for CMake module files
[0.732s] Level 1:colcon.colcon_core.environment:checking '/home/dakshb2/sensor-fault-benchmark/install/experiments' for CMake config files
[0.733s] Level 1:colcon.colcon_core.shell:create_environment_hook('experiments', 'cmake_prefix_path')
[0.733s] INFO:colcon.colcon_core.shell:Creating environment hook '/home/dakshb2/sensor-fault-benchmark/install/experiments/share/experiments/hook/cmake_prefix_path.ps1'
[0.733s] DEBUG:colcon.colcon_core.event_handler.log_command:Invoked command in '/home/dakshb2/sensor-fault-benchmark/build/experiments' returned '0': CMAKE_PREFIX_PATH=/home/dakshb2/ros2_ws/install/my_robot_description:/home/dakshb2/ros2_ws/install/my_robot_controller:/home/dakshb2/ros2_ws/install/diff_robot:/opt/ros/humble /usr/bin/cmake --install /home/dakshb2/sensor-fault-benchmark/build/experiments
[0.734s] INFO:colcon.colcon_core.shell:Creating environment descriptor '/home/dakshb2/sensor-fault-benchmark/install/experiments/share/experiments/hook/cmake_prefix_path.dsv'
[0.734s] INFO:colcon.colcon_core.shell:Creating environment hook '/home/dakshb2/sensor-fault-benchmark/install/experiments/share/experiments/hook/cmake_prefix_path.sh'
[0.734s] Level 1:colcon.colcon_core.environment:checking '/home/dakshb2/sensor-fault-benchmark/install/experiments/bin'
[0.734s] Level 1:colcon.colcon_core.environment:checking '/home/dakshb2/sensor-fault-benchmark/install/experiments/lib/pkgconfig/experiments.pc'
[0.734s] Level 1:colcon.colcon_core.environment:checking '/home/dakshb2/sensor-fault-benchmark/install/experiments/lib/python3.10/site-packages'
[0.734s] Level 1:colcon.colcon_core.environment:checking '/home/dakshb2/sensor-fault-benchmark/install/experiments/bin'
[0.735s] INFO:colcon.colcon_core.shell:Creating package script '/home/dakshb2/sensor-fault-benchmark/install/experiments/share/experiments/package.ps1'
[0.735s] INFO:colcon.colcon_core.shell:Creating package descriptor '/home/dakshb2/sensor-fault-benchmark/install/experiments/share/experiments/package.dsv'
[0.735s] INFO:colcon.colcon_core.shell:Creating package script '/home/dakshb2/sensor-fault-benchmark/install/experiments/share/experiments/package.sh'
[0.736s] INFO:colcon.colcon_core.shell:Creating package script '/home/dakshb2/sensor-fault-benchmark/install/experiments/share/experiments/package.bash'
[0.736s] INFO:colcon.colcon_core.shell:Creating package script '/home/dakshb2/sensor-fault-benchmark/install/experiments/share/experiments/package.zsh'
[0.736s] Level 1:colcon.colcon_core.environment:create_file_with_runtime_dependencies(/home/dakshb2/sensor-fault-benchmark/install/experiments/share/colcon-core/packages/experiments)
[0.736s] Level 1:colcon.colcon_core.environment:create_environment_scripts_only(experiments)
[0.737s] Level 1:colcon.colcon_core.environment:checking '/home/dakshb2/sensor-fault-benchmark/install/experiments' for CMake module files
[0.737s] Level 1:colcon.colcon_core.environment:checking '/home/dakshb2/sensor-fault-benchmark/install/experiments' for CMake config files
[0.737s] Level 1:colcon.colcon_core.shell:create_environment_hook('experiments', 'cmake_prefix_path')
[0.737s] INFO:colcon.colcon_core.shell:Creating environment hook '/home/dakshb2/sensor-fault-benchmark/install/experiments/share/experiments/hook/cmake_prefix_path.ps1'
[0.737s] INFO:colcon.colcon_core.shell:Creating environment descriptor '/home/dakshb2/sensor-fault-benchmark/install/experiments/share/experiments/hook/cmake_prefix_path.dsv'
[0.737s] INFO:colcon.colcon_core.shell:Creating environment hook '/home/dakshb2/sensor-fault-benchmark/install/experiments/share/experiments/hook/cmake_prefix_path.sh'
[0.737s] Level 1:colcon.colcon_core.environment:checking '/home/dakshb2/sensor-fault-benchmark/install/experiments/bin'
[0.737s] Level 1:colcon.colcon_core.environment:checking '/home/dakshb2/sensor-fault-benchmark/install/experiments/lib/pkgconfig/experiments.pc'
[0.738s] Level 1:colcon.colcon_core.environment:checking '/home/dakshb2/sensor-fault-benchmark/install/experiments/lib/python3.10/site-packages'
[0.738s] Level 1:colcon.colcon_core.environment:checking '/home/dakshb2/sensor-fault-benchmark/install/experiments/bin'
[0.738s] INFO:colcon.colcon_core.shell:Creating package script '/home/dakshb2/sensor-fault-benchmark/install/experiments/share/experiments/package.ps1'
[0.738s] INFO:colcon.colcon_core.shell:Creating package descriptor '/home/dakshb2/sensor-fault-benchmark/install/experiments/share/experiments/package.dsv'
[0.739s] INFO:colcon.colcon_core.shell:Creating package script '/home/dakshb2/sensor-fault-benchmark/install/experiments/share/experiments/package.sh'
[0.739s] INFO:colcon.colcon_core.shell:Creating package script '/home/dakshb2/sensor-fault-benchmark/install/experiments/share/experiments/package.bash'
[0.739s] INFO:colcon.colcon_core.shell:Creating package script '/home/dakshb2/sensor-fault-benchmark/install/experiments/share/experiments/package.zsh'
[0.739s] Level 1:colcon.colcon_core.environment:create_file_with_runtime_dependencies(/home/dakshb2/sensor-fault-benchmark/install/experiments/share/colcon-core/packages/experiments)
[0.822s] DEBUG:colcon.colcon_core.event_handler.log_command:Invoking command in '/home/dakshb2/sensor-fault-benchmark/build/fault_injector': PYTHONPATH=/home/dakshb2/sensor-fault-benchmark/build/fault_injector/prefix_override:/usr/lib/python3/dist-packages/colcon_core/task/python/colcon_distutils_commands:/home/dakshb2/sensor-fault-benchmark/install/fault_injector/lib/python3.10/site-packages:${PYTHONPATH} /usr/bin/python3 -W ignore:setup.py install is deprecated -W ignore:easy_install command is deprecated setup.py develop --editable --build-directory /home/dakshb2/sensor-fault-benchmark/build/fault_injector/build --no-deps symlink_data
[0.851s] DEBUG:colcon.colcon_core.event_handler.log_command:Invoking command in '/home/dakshb2/sensor-fault-benchmark/build/fdir': PYTHONPATH=/home/dakshb2/sensor-fault-benchmark/build/fdir/prefix_override:/usr/lib/python3/dist-packages/colcon_core/task/python/colcon_distutils_commands:/home/dakshb2/sensor-fault-benchmark/install/fdir/lib/python3.10/site-packages:${PYTHONPATH} /usr/bin/python3 -W ignore:setup.py install is deprecated -W ignore:easy_install command is deprecated setup.py develop --editable --build-directory /home/dakshb2/sensor-fault-benchmark/build/fdir/build --no-deps symlink_data
[0.879s] DEBUG:colcon.colcon_core.event_handler.log_command:Invoking command in '/home/dakshb2/sensor-fault-benchmark/build/scoring': PYTHONPATH=/home/dakshb2/sensor-fault-benchmark/build/scoring/prefix_override:/usr/lib/python3/dist-packages/colcon_core/task/python/colcon_distutils_commands:/home/dakshb2/sensor-fault-benchmark/install/scoring/lib/python3.10/site-packages:${PYTHONPATH} /usr/bin/python3 -W ignore:setup.py install is deprecated -W ignore:easy_install command is deprecated setup.py develop --editable --build-directory /home/dakshb2/sensor-fault-benchmark/build/scoring/build --no-deps symlink_data
[1.055s] Level 1:colcon.colcon_core.shell:create_environment_hook('fault_injector', 'pythonpath_develop')
[1.056s] INFO:colcon.colcon_core.shell:Creating environment hook '/home/dakshb2/sensor-fault-benchmark/build/fault_injector/share/fault_injector/hook/pythonpath_develop.ps1'
[1.056s] INFO:colcon.colcon_core.shell:Creating environment descriptor '/home/dakshb2/sensor-fault-benchmark/build/fault_injector/share/fault_injector/hook/pythonpath_develop.dsv'
[1.056s] INFO:colcon.colcon_core.shell:Creating environment hook '/home/dakshb2/sensor-fault-benchmark/build/fault_injector/share/fault_injector/hook/pythonpath_develop.sh'
[1.057s] Level 1:colcon.colcon_core.environment:checking '/home/dakshb2/sensor-fault-benchmark/install/fault_injector' for CMake module files
[1.057s] Level 1:colcon.colcon_core.environment:checking '/home/dakshb2/sensor-fault-benchmark/install/fault_injector' for CMake config files
[1.057s] Level 1:colcon.colcon_core.environment:checking '/home/dakshb2/sensor-fault-benchmark/install/fault_injector/lib'
[1.057s] Level 1:colcon.colcon_core.environment:checking '/home/dakshb2/sensor-fault-benchmark/install/fault_injector/bin'
[1.057s] Level 1:colcon.colcon_core.environment:checking '/home/dakshb2/sensor-fault-benchmark/install/fault_injector/lib/pkgconfig/fault_injector.pc'
[1.057s] Level 1:colcon.colcon_core.environment:checking '/home/dakshb2/sensor-fault-benchmark/install/fault_injector/lib/python3.10/site-packages'
[1.058s] Level 1:colcon.colcon_core.shell:create_environment_hook('fault_injector', 'pythonpath')
[1.058s] INFO:colcon.colcon_core.shell:Creating environment hook '/home/dakshb2/sensor-fault-benchmark/install/fault_injector/share/fault_injector/hook/pythonpath.ps1'
[1.058s] INFO:colcon.colcon_core.shell:Creating environment descriptor '/home/dakshb2/sensor-fault-benchmark/install/fault_injector/share/fault_injector/hook/pythonpath.dsv'
[1.058s] INFO:colcon.colcon_core.shell:Creating environment hook '/home/dakshb2/sensor-fault-benchmark/install/fault_injector/share/fault_injector/hook/pythonpath.sh'
[1.058s] Level 1:colcon.colcon_core.environment:checking '/home/dakshb2/sensor-fault-benchmark/install/fault_injector/bin'
[1.058s] Level 1:colcon.colcon_core.environment:create_environment_scripts_only(fault_injector)
[1.058s] INFO:colcon.colcon_core.shell:Creating package script '/home/dakshb2/sensor-fault-benchmark/install/fault_injector/share/fault_injector/package.ps1'
[1.059s] INFO:colcon.colcon_core.shell:Creating package descriptor '/home/dakshb2/sensor-fault-benchmark/install/fault_injector/share/fault_injector/package.dsv'
[1.059s] INFO:colcon.colcon_core.shell:Creating package script '/home/dakshb2/sensor-fault-benchmark/install/fault_injector/share/fault_injector/package.sh'
[1.059s] INFO:colcon.colcon_core.shell:Creating package script '/home/dakshb2/sensor-fault-benchmark/install/fault_injector/share/fault_injector/package.bash'
[1.059s] INFO:colcon.colcon_core.shell:Creating package script '/home/dakshb2/sensor-fault-benchmark/install/fault_injector/share/fault_injector/package.zsh'
[1.059s] Level 1:colcon.colcon_core.environment:create_file_with_runtime_dependencies(/home/dakshb2/sensor-fault-benchmark/install/fault_injector/share/colcon-core/packages/fault_injector)
[1.059s] DEBUG:colcon.colcon_core.event_handler.log_command:Invoked command in '/home/dakshb2/sensor-fault-benchmark/build/fault_injector' returned '0': PYTHONPATH=/home/dakshb2/sensor-fault-benchmark/build/fault_injector/prefix_override:/usr/lib/python3/dist-packages/colcon_core/task/python/colcon_distutils_commands:/home/dakshb2/sensor-fault-benchmark/install/fault_injector/lib/python3.10/site-packages:${PYTHONPATH} /usr/bin/python3 -W ignore:setup.py install is deprecated -W ignore:easy_install command is deprecated setup.py develop --editable --build-directory /home/dakshb2/sensor-fault-benchmark/build/fault_injector/build --no-deps symlink_data
[1.078s] DEBUG:colcon.colcon_core.event_handler.log_command:Invoked command in '/home/dakshb2/sensor-fault-benchmark/build/sim_bringup' returned '0': CMAKE_PREFIX_PATH=/home/dakshb2/ros2_ws/install/my_robot_description:/home/dakshb2/ros2_ws/install/my_robot_controller:/home/dakshb2/ros2_ws/install/diff_robot:/opt/ros/humble /usr/bin/cmake /home/dakshb2/sensor-fault-benchmark/sim_bringup -DAMENT_CMAKE_SYMLINK_INSTALL=1 -DCMAKE_INSTALL_PREFIX=/home/dakshb2/sensor-fault-benchmark/install/sim_bringup
[1.080s] DEBUG:colcon.colcon_core.event_handler.log_command:Invoking command in '/home/dakshb2/sensor-fault-benchmark/build/sim_bringup': CMAKE_PREFIX_PATH=/home/dakshb2/ros2_ws/install/my_robot_description:/home/dakshb2/ros2_ws/install/my_robot_controller:/home/dakshb2/ros2_ws/install/diff_robot:/opt/ros/humble /usr/bin/cmake --build /home/dakshb2/sensor-fault-benchmark/build/sim_bringup -- -j6 -l6
[1.093s] Level 1:colcon.colcon_core.shell:create_environment_hook('fdir', 'pythonpath_develop')
[1.094s] INFO:colcon.colcon_core.shell:Creating environment hook '/home/dakshb2/sensor-fault-benchmark/build/fdir/share/fdir/hook/pythonpath_develop.ps1'
[1.094s] INFO:colcon.colcon_core.shell:Creating environment descriptor '/home/dakshb2/sensor-fault-benchmark/build/fdir/share/fdir/hook/pythonpath_develop.dsv'
[1.094s] INFO:colcon.colcon_core.shell:Creating environment hook '/home/dakshb2/sensor-fault-benchmark/build/fdir/share/fdir/hook/pythonpath_develop.sh'
[1.094s] Level 1:colcon.colcon_core.environment:checking '/home/dakshb2/sensor-fault-benchmark/install/fdir' for CMake module files
[1.094s] Level 1:colcon.colcon_core.environment:checking '/home/dakshb2/sensor-fault-benchmark/install/fdir' for CMake config files
[1.095s] Level 1:colcon.colcon_core.environment:checking '/home/dakshb2/sensor-fault-benchmark/install/fdir/lib'
[1.095s] Level 1:colcon.colcon_core.environment:checking '/home/dakshb2/sensor-fault-benchmark/install/fdir/bin'
[1.095s] Level 1:colcon.colcon_core.environment:checking '/home/dakshb2/sensor-fault-benchmark/install/fdir/lib/pkgconfig/fdir.pc'
[1.095s] Level 1:colcon.colcon_core.environment:checking '/home/dakshb2/sensor-fault-benchmark/install/fdir/lib/python3.10/site-packages'
[1.095s] Level 1:colcon.colcon_core.shell:create_environment_hook('fdir', 'pythonpath')
[1.095s] INFO:colcon.colcon_core.shell:Creating environment hook '/home/dakshb2/sensor-fault-benchmark/install/fdir/share/fdir/hook/pythonpath.ps1'
[1.095s] INFO:colcon.colcon_core.shell:Creating environment descriptor '/home/dakshb2/sensor-fault-benchmark/install/fdir/share/fdir/hook/pythonpath.dsv'
[1.095s] INFO:colcon.colcon_core.shell:Creating environment hook '/home/dakshb2/sensor-fault-benchmark/install/fdir/share/fdir/hook/pythonpath.sh'
[1.095s] Level 1:colcon.colcon_core.environment:checking '/home/dakshb2/sensor-fault-benchmark/install/fdir/bin'
[1.095s] Level 1:colcon.colcon_core.environment:create_environment_scripts_only(fdir)
[1.098s] INFO:colcon.colcon_core.shell:Creating package script '/home/dakshb2/sensor-fault-benchmark/install/fdir/share/fdir/package.ps1'
[1.098s] DEBUG:colcon.colcon_core.event_handler.log_command:Invoked command in '/home/dakshb2/sensor-fault-benchmark/build/fdir' returned '0': PYTHONPATH=/home/dakshb2/sensor-fault-benchmark/build/fdir/prefix_override:/usr/lib/python3/dist-packages/colcon_core/task/python/colcon_distutils_commands:/home/dakshb2/sensor-fault-benchmark/install/fdir/lib/python3.10/site-packages:${PYTHONPATH} /usr/bin/python3 -W ignore:setup.py install is deprecated -W ignore:easy_install command is deprecated setup.py develop --editable --build-directory /home/dakshb2/sensor-fault-benchmark/build/fdir/build --no-deps symlink_data
[1.099s] INFO:colcon.colcon_core.shell:Creating package descriptor '/home/dakshb2/sensor-fault-benchmark/install/fdir/share/fdir/package.dsv'
[1.099s] INFO:colcon.colcon_core.shell:Creating package script '/home/dakshb2/sensor-fault-benchmark/install/fdir/share/fdir/package.sh'
[1.099s] INFO:colcon.colcon_core.shell:Creating package script '/home/dakshb2/sensor-fault-benchmark/install/fdir/share/fdir/package.bash'
[1.099s] INFO:colcon.colcon_core.shell:Creating package script '/home/dakshb2/sensor-fault-benchmark/install/fdir/share/fdir/package.zsh'
[1.100s] Level 1:colcon.colcon_core.environment:create_file_with_runtime_dependencies(/home/dakshb2/sensor-fault-benchmark/install/fdir/share/colcon-core/packages/fdir)
[1.110s] DEBUG:colcon.colcon_core.event_handler.log_command:Invoked command in '/home/dakshb2/sensor-fault-benchmark/build/sim_bringup' returned '0': CMAKE_PREFIX_PATH=/home/dakshb2/ros2_ws/install/my_robot_description:/home/dakshb2/ros2_ws/install/my_robot_controller:/home/dakshb2/ros2_ws/install/diff_robot:/opt/ros/humble /usr/bin/cmake --build /home/dakshb2/sensor-fault-benchmark/build/sim_bringup -- -j6 -l6
[1.111s] DEBUG:colcon.colcon_core.event_handler.log_command:Invoking command in '/home/dakshb2/sensor-fault-benchmark/build/sim_bringup': CMAKE_PREFIX_PATH=/home/dakshb2/ros2_ws/install/my_robot_description:/home/dakshb2/ros2_ws/install/my_robot_controller:/home/dakshb2/ros2_ws/install/diff_robot:/opt/ros/humble /usr/bin/cmake --install /home/dakshb2/sensor-fault-benchmark/build/sim_bringup
[1.158s] Level 1:colcon.colcon_core.shell:create_environment_hook('scoring', 'pythonpath_develop')
[1.158s] INFO:colcon.colcon_core.shell:Creating environment hook '/home/dakshb2/sensor-fault-benchmark/build/scoring/share/scoring/hook/pythonpath_develop.ps1'
[1.158s] DEBUG:colcon.colcon_core.event_handler.log_command:Invoked command in '/home/dakshb2/sensor-fault-benchmark/build/scoring' returned '0': PYTHONPATH=/home/dakshb2/sensor-fault-benchmark/build/scoring/prefix_override:/usr/lib/python3/dist-packages/colcon_core/task/python/colcon_distutils_commands:/home/dakshb2/sensor-fault-benchmark/install/scoring/lib/python3.10/site-packages:${PYTHONPATH} /usr/bin/python3 -W ignore:setup.py install is deprecated -W ignore:easy_install command is deprecated setup.py develop --editable --build-directory /home/dakshb2/sensor-fault-benchmark/build/scoring/build --no-deps symlink_data
[1.159s] INFO:colcon.colcon_core.shell:Creating environment descriptor '/home/dakshb2/sensor-fault-benchmark/build/scoring/share/scoring/hook/pythonpath_develop.dsv'
[1.159s] INFO:colcon.colcon_core.shell:Creating environment hook '/home/dakshb2/sensor-fault-benchmark/build/scoring/share/scoring/hook/pythonpath_develop.sh'
[1.159s] Level 1:colcon.colcon_core.environment:checking '/home/dakshb2/sensor-fault-benchmark/install/scoring' for CMake module files
[1.159s] Level 1:colcon.colcon_core.environment:checking '/home/dakshb2/sensor-fault-benchmark/install/scoring' for CMake config files
[1.159s] Level 1:colcon.colcon_core.environment:checking '/home/dakshb2/sensor-fault-benchmark/install/scoring/lib'
[1.159s] Level 1:colcon.colcon_core.environment:checking '/home/dakshb2/sensor-fault-benchmark/install/scoring/bin'
[1.160s] Level 1:colcon.colcon_core.environment:checking '/home/dakshb2/sensor-fault-benchmark/install/scoring/lib/pkgconfig/scoring.pc'
[1.160s] Level 1:colcon.colcon_core.environment:checking '/home/dakshb2/sensor-fault-benchmark/install/scoring/lib/python3.10/site-packages'
[1.160s] Level 1:colcon.colcon_core.shell:create_environment_hook('scoring', 'pythonpath')
[1.160s] INFO:colcon.colcon_core.shell:Creating environment hook '/home/dakshb2/sensor-fault-benchmark/install/scoring/share/scoring/hook/pythonpath.ps1'
[1.160s] INFO:colcon.colcon_core.shell:Creating environment descriptor '/home/dakshb2/sensor-fault-benchmark/install/scoring/share/scoring/hook/pythonpath.dsv'
[1.160s] INFO:colcon.colcon_core.shell:Creating environment hook '/home/dakshb2/sensor-fault-benchmark/install/scoring/share/scoring/hook/pythonpath.sh'
[1.161s] Level 1:colcon.colcon_core.environment:checking '/home/dakshb2/sensor-fault-benchmark/install/scoring/bin'
[1.161s] Level 1:colcon.colcon_core.environment:create_environment_scripts_only(scoring)
[1.161s] INFO:colcon.colcon_core.shell:Creating package script '/home/dakshb2/sensor-fault-benchmark/install/scoring/share/scoring/package.ps1'
[1.161s] INFO:colcon.colcon_core.shell:Creating package descriptor '/home/dakshb2/sensor-fault-benchmark/install/scoring/share/scoring/package.dsv'
[1.162s] INFO:colcon.colcon_core.shell:Creating package script '/home/dakshb2/sensor-fault-benchmark/install/scoring/share/scoring/package.sh'
[1.162s] INFO:colcon.colcon_core.shell:Creating package script '/home/dakshb2/sensor-fault-benchmark/install/scoring/share/scoring/package.bash'
[1.162s] INFO:colcon.colcon_core.shell:Creating package script '/home/dakshb2/sensor-fault-benchmark/install/scoring/share/scoring/package.zsh'
[1.162s] Level 1:colcon.colcon_core.environment:create_file_with_runtime_dependencies(/home/dakshb2/sensor-fault-benchmark/install/scoring/share/colcon-core/packages/scoring)
[1.218s] Level 1:colcon.colcon_core.environment:create_environment_scripts_only(sim_bringup)
[1.218s] DEBUG:colcon.colcon_core.event_handler.log_command:Invoked command in '/home/dakshb2/sensor-fault-benchmark/build/sim_bringup' returned '0': CMAKE_PREFIX_PATH=/home/dakshb2/ros2_ws/install/my_robot_description:/home/dakshb2/ros2_ws/install/my_robot_controller:/home/dakshb2/ros2_ws/install/diff_robot:/opt/ros/humble /usr/bin/cmake --install /home/dakshb2/sensor-fault-benchmark/build/sim_bringup
[1.218s] Level 1:colcon.colcon_core.environment:checking '/home/dakshb2/sensor-fault-benchmark/install/sim_bringup' for CMake module files
[1.219s] Level 1:colcon.colcon_core.environment:checking '/home/dakshb2/sensor-fault-benchmark/install/sim_bringup' for CMake config files
[1.219s] Level 1:colcon.colcon_core.shell:create_environment_hook('sim_bringup', 'cmake_prefix_path')
[1.219s] INFO:colcon.colcon_core.shell:Creating environment hook '/home/dakshb2/sensor-fault-benchmark/install/sim_bringup/share/sim_bringup/hook/cmake_prefix_path.ps1'
[1.219s] INFO:colcon.colcon_core.shell:Creating environment descriptor '/home/dakshb2/sensor-fault-benchmark/install/sim_bringup/share/sim_bringup/hook/cmake_prefix_path.dsv'
[1.219s] INFO:colcon.colcon_core.shell:Creating environment hook '/home/dakshb2/sensor-fault-benchmark/install/sim_bringup/share/sim_bringup/hook/cmake_prefix_path.sh'
[1.220s] Level 1:colcon.colcon_core.environment:checking '/home/dakshb2/sensor-fault-benchmark/install/sim_bringup/bin'
[1.220s] Level 1:colcon.colcon_core.environment:checking '/home/dakshb2/sensor-fault-benchmark/install/sim_bringup/lib/pkgconfig/sim_bringup.pc'
[1.220s] Level 1:colcon.colcon_core.environment:checking '/home/dakshb2/sensor-fault-benchmark/install/sim_bringup/lib/python3.10/site-packages'
[1.220s] Level 1:colcon.colcon_core.environment:checking '/home/dakshb2/sensor-fault-benchmark/install/sim_bringup/bin'
[1.220s] INFO:colcon.colcon_core.shell:Creating package script '/home/dakshb2/sensor-fault-benchmark/install/sim_bringup/share/sim_bringup/package.ps1'
[1.220s] INFO:colcon.colcon_core.shell:Creating package descriptor '/home/dakshb2/sensor-fault-benchmark/install/sim_bringup/share/sim_bringup/package.dsv'
[1.220s] INFO:colcon.colcon_core.shell:Creating package script '/home/dakshb2/sensor-fault-benchmark/install/sim_bringup/share/sim_bringup/package.sh'
[1.221s] INFO:colcon.colcon_core.shell:Creating package script '/home/dakshb2/sensor-fault-benchmark/install/sim_bringup/share/sim_bringup/package.bash'
[1.221s] INFO:colcon.colcon_core.shell:Creating package script '/home/dakshb2/sensor-fault-benchmark/install/sim_bringup/share/sim_bringup/package.zsh'
[1.221s] Level 1:colcon.colcon_core.environment:create_file_with_runtime_dependencies(/home/dakshb2/sensor-fault-benchmark/install/sim_bringup/share/colcon-core/packages/sim_bringup)
[1.221s] Level 1:colcon.colcon_core.environment:create_environment_scripts_only(sim_bringup)
[1.221s] Level 1:colcon.colcon_core.environment:checking '/home/dakshb2/sensor-fault-benchmark/install/sim_bringup' for CMake module files
[1.221s] Level 1:colcon.colcon_core.environment:checking '/home/dakshb2/sensor-fault-benchmark/install/sim_bringup' for CMake config files
[1.222s] Level 1:colcon.colcon_core.shell:create_environment_hook('sim_bringup', 'cmake_prefix_path')
[1.222s] INFO:colcon.colcon_core.shell:Creating environment hook '/home/dakshb2/sensor-fault-benchmark/install/sim_bringup/share/sim_bringup/hook/cmake_prefix_path.ps1'
[1.222s] INFO:colcon.colcon_core.shell:Creating environment descriptor '/home/dakshb2/sensor-fault-benchmark/install/sim_bringup/share/sim_bringup/hook/cmake_prefix_path.dsv'
[1.222s] INFO:colcon.colcon_core.shell:Creating environment hook '/home/dakshb2/sensor-fault-benchmark/install/sim_bringup/share/sim_bringup/hook/cmake_prefix_path.sh'
[1.223s] Level 1:colcon.colcon_core.environment:checking '/home/dakshb2/sensor-fault-benchmark/install/sim_bringup/bin'
[1.223s] Level 1:colcon.colcon_core.environment:checking '/home/dakshb2/sensor-fault-benchmark/install/sim_bringup/lib/pkgconfig/sim_bringup.pc'
[1.223s] Level 1:colcon.colcon_core.environment:checking '/home/dakshb2/sensor-fault-benchmark/install/sim_bringup/lib/python3.10/site-packages'
[1.223s] Level 1:colcon.colcon_core.environment:checking '/home/dakshb2/sensor-fault-benchmark/install/sim_bringup/bin'
[1.223s] INFO:colcon.colcon_core.shell:Creating package script '/home/dakshb2/sensor-fault-benchmark/install/sim_bringup/share/sim_bringup/package.ps1'
[1.223s] INFO:colcon.colcon_core.shell:Creating package descriptor '/home/dakshb2/sensor-fault-benchmark/install/sim_bringup/share/sim_bringup/package.dsv'
[1.224s] INFO:colcon.colcon_core.shell:Creating package script '/home/dakshb2/sensor-fault-benchmark/install/sim_bringup/share/sim_bringup/package.sh'
[1.224s] INFO:colcon.colcon_core.shell:Creating package script '/home/dakshb2/sensor-fault-benchmark/install/sim_bringup/share/sim_bringup/package.bash'
[1.224s] INFO:colcon.colcon_core.shell:Creating package script '/home/dakshb2/sensor-fault-benchmark/install/sim_bringup/share/sim_bringup/package.zsh'
[1.224s] Level 1:colcon.colcon_core.environment:create_file_with_runtime_dependencies(/home/dakshb2/sensor-fault-benchmark/install/sim_bringup/share/colcon-core/packages/sim_bringup)
[1.225s] DEBUG:colcon.colcon_parallel_executor.executor.parallel:closing loop
[1.225s] DEBUG:colcon.colcon_parallel_executor.executor.parallel:loop closed
[1.225s] DEBUG:colcon.colcon_parallel_executor.executor.parallel:run_until_complete finished with '0'
[1.225s] DEBUG:colcon.colcon_core.event_reactor:joining thread
[1.229s] INFO:colcon.colcon_core.plugin_system:Skipping extension 'colcon_notification.desktop_notification.terminal_notifier': Not used on non-Darwin systems
[1.229s] INFO:colcon.colcon_core.plugin_system:Skipping extension 'colcon_notification.desktop_notification.win32': Not used on non-Windows systems
[1.229s] INFO:colcon.colcon_notification.desktop_notification:Sending desktop notification using 'notify2'
[1.239s] DEBUG:colcon.colcon_core.event_reactor:joined thread
[1.239s] INFO:colcon.colcon_core.shell:Creating prefix script '/home/dakshb2/sensor-fault-benchmark/install/local_setup.ps1'
[1.239s] INFO:colcon.colcon_core.shell:Creating prefix util module '/home/dakshb2/sensor-fault-benchmark/install/_local_setup_util_ps1.py'
[1.240s] INFO:colcon.colcon_core.shell:Creating prefix chain script '/home/dakshb2/sensor-fault-benchmark/install/setup.ps1'
[1.241s] INFO:colcon.colcon_core.shell:Creating prefix script '/home/dakshb2/sensor-fault-benchmark/install/local_setup.sh'
[1.241s] INFO:colcon.colcon_core.shell:Creating prefix util module '/home/dakshb2/sensor-fault-benchmark/install/_local_setup_util_sh.py'
[1.242s] INFO:colcon.colcon_core.shell:Creating prefix chain script '/home/dakshb2/sensor-fault-benchmark/install/setup.sh'
[1.242s] INFO:colcon.colcon_core.shell:Creating prefix script '/home/dakshb2/sensor-fault-benchmark/install/local_setup.bash'
[1.243s] INFO:colcon.colcon_core.shell:Creating prefix chain script '/home/dakshb2/sensor-fault-benchmark/install/setup.bash'
[1.243s] INFO:colcon.colcon_core.shell:Creating prefix script '/home/dakshb2/sensor-fault-benchmark/install/local_setup.zsh'
[1.244s] INFO:colcon.colcon_core.shell:Creating prefix chain script '/home/dakshb2/sensor-fault-benchmark/install/setup.zsh'
