[0.298s] Invoking command in '/home/dakshb2/sensor-fault-benchmark/experiments': PYTHONPATH=/home/dakshb2/sensor-fault-benchmark/build/experiments/prefix_override:/usr/lib/python3/dist-packages/colcon_core/task/python/colcon_distutils_commands:/home/dakshb2/sensor-fault-benchmark/install/experiments/lib/python3.10/site-packages:${PYTHONPATH} /usr/bin/python3 -W ignore:setup.py install is deprecated -W ignore:easy_install command is deprecated setup.py egg_info --egg-base ../build/experiments build --build-base /home/dakshb2/sensor-fault-benchmark/build/experiments/build install --record /home/dakshb2/sensor-fault-benchmark/build/experiments/install.log --single-version-externally-managed install_data
[0.412s] running egg_info
[0.412s] creating ../build/experiments/experiments.egg-info
[0.412s] writing ../build/experiments/experiments.egg-info/PKG-INFO
[0.413s] writing dependency_links to ../build/experiments/experiments.egg-info/dependency_links.txt
[0.413s] writing entry points to ../build/experiments/experiments.egg-info/entry_points.txt
[0.413s] writing requirements to ../build/experiments/experiments.egg-info/requires.txt
[0.413s] writing top-level names to ../build/experiments/experiments.egg-info/top_level.txt
[0.413s] writing manifest file '../build/experiments/experiments.egg-info/SOURCES.txt'
[0.414s] reading manifest file '../build/experiments/experiments.egg-info/SOURCES.txt'
[0.414s] writing manifest file '../build/experiments/experiments.egg-info/SOURCES.txt'
[0.414s] running build
[0.414s] running build_py
[0.414s] creating /home/dakshb2/sensor-fault-benchmark/build/experiments/build
[0.414s] creating /home/dakshb2/sensor-fault-benchmark/build/experiments/build/lib
[0.414s] creating /home/dakshb2/sensor-fault-benchmark/build/experiments/build/lib/experiments
[0.414s] copying experiments/drive_trajectory.py -> /home/dakshb2/sensor-fault-benchmark/build/experiments/build/lib/experiments
[0.414s] copying experiments/__init__.py -> /home/dakshb2/sensor-fault-benchmark/build/experiments/build/lib/experiments
[0.414s] running install
[0.415s] running install_lib
[0.415s] creating /home/dakshb2/sensor-fault-benchmark/install/experiments/lib/python3.10/site-packages/experiments
[0.415s] copying /home/dakshb2/sensor-fault-benchmark/build/experiments/build/lib/experiments/drive_trajectory.py -> /home/dakshb2/sensor-fault-benchmark/install/experiments/lib/python3.10/site-packages/experiments
[0.415s] copying /home/dakshb2/sensor-fault-benchmark/build/experiments/build/lib/experiments/__init__.py -> /home/dakshb2/sensor-fault-benchmark/install/experiments/lib/python3.10/site-packages/experiments
[0.416s] byte-compiling /home/dakshb2/sensor-fault-benchmark/install/experiments/lib/python3.10/site-packages/experiments/drive_trajectory.py to drive_trajectory.cpython-310.pyc
[0.416s] byte-compiling /home/dakshb2/sensor-fault-benchmark/install/experiments/lib/python3.10/site-packages/experiments/__init__.py to __init__.cpython-310.pyc
[0.416s] running install_data
[0.416s] creating /home/dakshb2/sensor-fault-benchmark/install/experiments/share/ament_index
[0.416s] creating /home/dakshb2/sensor-fault-benchmark/install/experiments/share/ament_index/resource_index
[0.416s] creating /home/dakshb2/sensor-fault-benchmark/install/experiments/share/ament_index/resource_index/packages
[0.416s] copying resource/experiments -> /home/dakshb2/sensor-fault-benchmark/install/experiments/share/ament_index/resource_index/packages
[0.416s] copying package.xml -> /home/dakshb2/sensor-fault-benchmark/install/experiments/share/experiments
[0.416s] running install_egg_info
[0.417s] Copying ../build/experiments/experiments.egg-info to /home/dakshb2/sensor-fault-benchmark/install/experiments/lib/python3.10/site-packages/experiments-0.1.0-py3.10.egg-info
[0.417s] running install_scripts
[0.427s] Installing drive_trajectory script to /home/dakshb2/sensor-fault-benchmark/install/experiments/lib/experiments
[0.428s] writing list of installed files to '/home/dakshb2/sensor-fault-benchmark/build/experiments/install.log'
[0.442s] Invoked command in '/home/dakshb2/sensor-fault-benchmark/experiments' returned '0': PYTHONPATH=/home/dakshb2/sensor-fault-benchmark/build/experiments/prefix_override:/usr/lib/python3/dist-packages/colcon_core/task/python/colcon_distutils_commands:/home/dakshb2/sensor-fault-benchmark/install/experiments/lib/python3.10/site-packages:${PYTHONPATH} /usr/bin/python3 -W ignore:setup.py install is deprecated -W ignore:easy_install command is deprecated setup.py egg_info --egg-base ../build/experiments build --build-base /home/dakshb2/sensor-fault-benchmark/build/experiments/build install --record /home/dakshb2/sensor-fault-benchmark/build/experiments/install.log --single-version-externally-managed install_data
