[0.374s] Invoking command in '/home/dakshb2/sensor-fault-benchmark/experiments': PYTHONPATH=/home/dakshb2/sensor-fault-benchmark/build/experiments/prefix_override:/usr/lib/python3/dist-packages/colcon_core/task/python/colcon_distutils_commands:/home/dakshb2/sensor-fault-benchmark/install/experiments/lib/python3.10/site-packages:${PYTHONPATH} /usr/bin/python3 -W ignore:setup.py install is deprecated -W ignore:easy_install command is deprecated setup.py egg_info --egg-base ../build/experiments build --build-base /home/dakshb2/sensor-fault-benchmark/build/experiments/build install --record /home/dakshb2/sensor-fault-benchmark/build/experiments/install.log --single-version-externally-managed install_data
[0.473s] running egg_info
[0.474s] writing ../build/experiments/experiments.egg-info/PKG-INFO
[0.474s] writing dependency_links to ../build/experiments/experiments.egg-info/dependency_links.txt
[0.474s] writing entry points to ../build/experiments/experiments.egg-info/entry_points.txt
[0.475s] writing requirements to ../build/experiments/experiments.egg-info/requires.txt
[0.475s] writing top-level names to ../build/experiments/experiments.egg-info/top_level.txt
[0.475s] reading manifest file '../build/experiments/experiments.egg-info/SOURCES.txt'
[0.476s] writing manifest file '../build/experiments/experiments.egg-info/SOURCES.txt'
[0.476s] running build
[0.476s] running build_py
[0.476s] running install
[0.476s] running install_lib
[0.477s] running install_data
[0.477s] running install_egg_info
[0.477s] removing '/home/dakshb2/sensor-fault-benchmark/install/experiments/lib/python3.10/site-packages/experiments-0.1.0-py3.10.egg-info' (and everything under it)
[0.478s] Copying ../build/experiments/experiments.egg-info to /home/dakshb2/sensor-fault-benchmark/install/experiments/lib/python3.10/site-packages/experiments-0.1.0-py3.10.egg-info
[0.478s] running install_scripts
[0.487s] Installing drive_trajectory script to /home/dakshb2/sensor-fault-benchmark/install/experiments/lib/experiments
[0.487s] writing list of installed files to '/home/dakshb2/sensor-fault-benchmark/build/experiments/install.log'
[0.501s] Invoked command in '/home/dakshb2/sensor-fault-benchmark/experiments' returned '0': PYTHONPATH=/home/dakshb2/sensor-fault-benchmark/build/experiments/prefix_override:/usr/lib/python3/dist-packages/colcon_core/task/python/colcon_distutils_commands:/home/dakshb2/sensor-fault-benchmark/install/experiments/lib/python3.10/site-packages:${PYTHONPATH} /usr/bin/python3 -W ignore:setup.py install is deprecated -W ignore:easy_install command is deprecated setup.py egg_info --egg-base ../build/experiments build --build-base /home/dakshb2/sensor-fault-benchmark/build/experiments/build install --record /home/dakshb2/sensor-fault-benchmark/build/experiments/install.log --single-version-externally-managed install_data
