[0.252s] Invoking command in '/home/dakshb2/sensor-fault-benchmark/experiments': PYTHONPATH=/home/dakshb2/sensor-fault-benchmark/build/experiments/prefix_override:/usr/lib/python3/dist-packages/colcon_core/task/python/colcon_distutils_commands:/home/dakshb2/sensor-fault-benchmark/install/experiments/lib/python3.10/site-packages:${PYTHONPATH} /usr/bin/python3 -W ignore:setup.py install is deprecated -W ignore:easy_install command is deprecated setup.py egg_info --egg-base ../build/experiments build --build-base /home/dakshb2/sensor-fault-benchmark/build/experiments/build install --record /home/dakshb2/sensor-fault-benchmark/build/experiments/install.log --single-version-externally-managed install_data
[0.345s] running egg_info
[0.345s] writing ../build/experiments/experiments.egg-info/PKG-INFO
[0.346s] writing dependency_links to ../build/experiments/experiments.egg-info/dependency_links.txt
[0.346s] writing entry points to ../build/experiments/experiments.egg-info/entry_points.txt
[0.346s] writing requirements to ../build/experiments/experiments.egg-info/requires.txt
[0.346s] writing top-level names to ../build/experiments/experiments.egg-info/top_level.txt
[0.347s] reading manifest file '../build/experiments/experiments.egg-info/SOURCES.txt'
[0.348s] writing manifest file '../build/experiments/experiments.egg-info/SOURCES.txt'
[0.348s] running build
[0.348s] running build_py
[0.348s] copying experiments/drive_trajectory.py -> /home/dakshb2/sensor-fault-benchmark/build/experiments/build/lib/experiments
[0.348s] running install
[0.348s] running install_lib
[0.349s] copying /home/dakshb2/sensor-fault-benchmark/build/experiments/build/lib/experiments/drive_trajectory.py -> /home/dakshb2/sensor-fault-benchmark/install/experiments/lib/python3.10/site-packages/experiments
[0.349s] byte-compiling /home/dakshb2/sensor-fault-benchmark/install/experiments/lib/python3.10/site-packages/experiments/drive_trajectory.py to drive_trajectory.cpython-310.pyc
[0.350s] running install_data
[0.350s] copying package.xml -> /home/dakshb2/sensor-fault-benchmark/install/experiments/share/experiments
[0.350s] copying trajectories/straight.yaml -> /home/dakshb2/sensor-fault-benchmark/install/experiments/share/experiments/trajectories
[0.350s] creating /home/dakshb2/sensor-fault-benchmark/install/experiments/share/experiments/faults
[0.350s] copying faults/faults.yaml -> /home/dakshb2/sensor-fault-benchmark/install/experiments/share/experiments/faults
[0.350s] running install_egg_info
[0.351s] removing '/home/dakshb2/sensor-fault-benchmark/install/experiments/lib/python3.10/site-packages/experiments-0.1.0-py3.10.egg-info' (and everything under it)
[0.351s] Copying ../build/experiments/experiments.egg-info to /home/dakshb2/sensor-fault-benchmark/install/experiments/lib/python3.10/site-packages/experiments-0.1.0-py3.10.egg-info
[0.352s] running install_scripts
[0.360s] Installing drive_trajectory script to /home/dakshb2/sensor-fault-benchmark/install/experiments/lib/experiments
[0.360s] writing list of installed files to '/home/dakshb2/sensor-fault-benchmark/build/experiments/install.log'
[0.370s] Invoked command in '/home/dakshb2/sensor-fault-benchmark/experiments' returned '0': PYTHONPATH=/home/dakshb2/sensor-fault-benchmark/build/experiments/prefix_override:/usr/lib/python3/dist-packages/colcon_core/task/python/colcon_distutils_commands:/home/dakshb2/sensor-fault-benchmark/install/experiments/lib/python3.10/site-packages:${PYTHONPATH} /usr/bin/python3 -W ignore:setup.py install is deprecated -W ignore:easy_install command is deprecated setup.py egg_info --egg-base ../build/experiments build --build-base /home/dakshb2/sensor-fault-benchmark/build/experiments/build install --record /home/dakshb2/sensor-fault-benchmark/build/experiments/install.log --single-version-externally-managed install_data
