[0.676s] Invoking command in '/home/dakshb2/sensor-fault-benchmark/build/scoring': PYTHONPATH=/home/dakshb2/sensor-fault-benchmark/build/scoring/prefix_override:/usr/lib/python3/dist-packages/colcon_core/task/python/colcon_distutils_commands:/home/dakshb2/sensor-fault-benchmark/install/scoring/lib/python3.10/site-packages:${PYTHONPATH} /usr/bin/python3 -W ignore:setup.py install is deprecated -W ignore:easy_install command is deprecated setup.py develop --editable --build-directory /home/dakshb2/sensor-fault-benchmark/build/scoring/build --no-deps symlink_data
[0.841s] running develop
[0.935s] running egg_info
[0.935s] creating scoring.egg-info
[0.935s] writing scoring.egg-info/PKG-INFO
[0.935s] writing dependency_links to scoring.egg-info/dependency_links.txt
[0.935s] writing entry points to scoring.egg-info/entry_points.txt
[0.935s] writing requirements to scoring.egg-info/requires.txt
[0.935s] writing top-level names to scoring.egg-info/top_level.txt
[0.935s] writing manifest file 'scoring.egg-info/SOURCES.txt'
[0.936s] reading manifest file 'scoring.egg-info/SOURCES.txt'
[0.936s] writing manifest file 'scoring.egg-info/SOURCES.txt'
[0.937s] running build_ext
[0.937s] Creating /home/dakshb2/sensor-fault-benchmark/install/scoring/lib/python3.10/site-packages/scoring.egg-link (link to .)
[0.937s] Installing pose_to_tum script to /home/dakshb2/sensor-fault-benchmark/install/scoring/lib/scoring
[0.937s] 
[0.937s] Installed /home/dakshb2/sensor-fault-benchmark/build/scoring
[0.937s] running symlink_data
[0.937s] creating /home/dakshb2/sensor-fault-benchmark/install/scoring/share/ament_index
[0.937s] creating /home/dakshb2/sensor-fault-benchmark/install/scoring/share/ament_index/resource_index
[0.937s] creating /home/dakshb2/sensor-fault-benchmark/install/scoring/share/ament_index/resource_index/packages
[0.937s] symbolically linking /home/dakshb2/sensor-fault-benchmark/build/scoring/resource/scoring -> /home/dakshb2/sensor-fault-benchmark/install/scoring/share/ament_index/resource_index/packages
[0.937s] symbolically linking /home/dakshb2/sensor-fault-benchmark/build/scoring/package.xml -> /home/dakshb2/sensor-fault-benchmark/install/scoring/share/scoring
[0.956s] Invoked command in '/home/dakshb2/sensor-fault-benchmark/build/scoring' returned '0': PYTHONPATH=/home/dakshb2/sensor-fault-benchmark/build/scoring/prefix_override:/usr/lib/python3/dist-packages/colcon_core/task/python/colcon_distutils_commands:/home/dakshb2/sensor-fault-benchmark/install/scoring/lib/python3.10/site-packages:${PYTHONPATH} /usr/bin/python3 -W ignore:setup.py install is deprecated -W ignore:easy_install command is deprecated setup.py develop --editable --build-directory /home/dakshb2/sensor-fault-benchmark/build/scoring/build --no-deps symlink_data
