[0.017s] Invoking command in '/home/dakshb2/sensor-fault-benchmark/build/experiments': CMAKE_PREFIX_PATH=/home/dakshb2/ros2_ws/install/my_robot_description:/home/dakshb2/ros2_ws/install/my_robot_controller:/home/dakshb2/ros2_ws/install/diff_robot:/opt/ros/humble /usr/bin/cmake /home/dakshb2/sensor-fault-benchmark/experiments -DCMAKE_INSTALL_PREFIX=/home/dakshb2/sensor-fault-benchmark/install/experiments
[0.355s] -- The C compiler identification is GNU 11.4.0
[0.355s] -- The CXX compiler identification is GNU 11.4.0
[0.355s] -- Detecting C compiler ABI info
[0.355s] -- Detecting C compiler ABI info - done
[0.355s] -- Check for working C compiler: /usr/bin/cc - skipped
[0.355s] -- Detecting C compile features
[0.355s] -- Detecting C compile features - done
[0.355s] -- Detecting CXX compiler ABI info
[0.356s] -- Detecting CXX compiler ABI info - done
[0.356s] -- Check for working CXX compiler: /usr/bin/c++ - skipped
[0.356s] -- Detecting CXX compile features
[0.356s] -- Detecting CXX compile features - done
[0.356s] -- Found ament_cmake: 1.3.14 (/opt/ros/humble/share/ament_cmake/cmake)
[0.356s] -- Found Python3: /usr/bin/python3 (found version "3.10.12") found components: Interpreter 
[0.362s] -- Found ament_lint_auto: 0.12.15 (/opt/ros/humble/share/ament_lint_auto/cmake)
[0.412s] -- Added test 'lint_cmake' to check CMake code style
[0.413s] -- Added test 'xmllint' to check XML markup files
[0.414s] -- Configuring done
[0.416s] -- Generating done
[0.417s] -- Build files have been written to: /home/dakshb2/sensor-fault-benchmark/build/experiments
[0.419s] Invoked command in '/home/dakshb2/sensor-fault-benchmark/build/experiments' returned '0': CMAKE_PREFIX_PATH=/home/dakshb2/ros2_ws/install/my_robot_description:/home/dakshb2/ros2_ws/install/my_robot_controller:/home/dakshb2/ros2_ws/install/diff_robot:/opt/ros/humble /usr/bin/cmake /home/dakshb2/sensor-fault-benchmark/experiments -DCMAKE_INSTALL_PREFIX=/home/dakshb2/sensor-fault-benchmark/install/experiments
[0.420s] Invoking command in '/home/dakshb2/sensor-fault-benchmark/build/experiments': CMAKE_PREFIX_PATH=/home/dakshb2/ros2_ws/install/my_robot_description:/home/dakshb2/ros2_ws/install/my_robot_controller:/home/dakshb2/ros2_ws/install/diff_robot:/opt/ros/humble /usr/bin/cmake --build /home/dakshb2/sensor-fault-benchmark/build/experiments -- -j6 -l6
[0.438s] Invoked command in '/home/dakshb2/sensor-fault-benchmark/build/experiments' returned '0': CMAKE_PREFIX_PATH=/home/dakshb2/ros2_ws/install/my_robot_description:/home/dakshb2/ros2_ws/install/my_robot_controller:/home/dakshb2/ros2_ws/install/diff_robot:/opt/ros/humble /usr/bin/cmake --build /home/dakshb2/sensor-fault-benchmark/build/experiments -- -j6 -l6
[0.442s] Invoking command in '/home/dakshb2/sensor-fault-benchmark/build/experiments': CMAKE_PREFIX_PATH=/home/dakshb2/ros2_ws/install/my_robot_description:/home/dakshb2/ros2_ws/install/my_robot_controller:/home/dakshb2/ros2_ws/install/diff_robot:/opt/ros/humble /usr/bin/cmake --install /home/dakshb2/sensor-fault-benchmark/build/experiments
[0.444s] -- Install configuration: ""
[0.445s] -- Installing: /home/dakshb2/sensor-fault-benchmark/install/experiments/share/ament_index/resource_index/package_run_dependencies/experiments
[0.445s] -- Installing: /home/dakshb2/sensor-fault-benchmark/install/experiments/share/ament_index/resource_index/parent_prefix_path/experiments
[0.445s] -- Installing: /home/dakshb2/sensor-fault-benchmark/install/experiments/share/experiments/environment/ament_prefix_path.sh
[0.445s] -- Installing: /home/dakshb2/sensor-fault-benchmark/install/experiments/share/experiments/environment/ament_prefix_path.dsv
[0.445s] -- Installing: /home/dakshb2/sensor-fault-benchmark/install/experiments/share/experiments/environment/path.sh
[0.445s] -- Installing: /home/dakshb2/sensor-fault-benchmark/install/experiments/share/experiments/environment/path.dsv
[0.445s] -- Installing: /home/dakshb2/sensor-fault-benchmark/install/experiments/share/experiments/local_setup.bash
[0.445s] -- Installing: /home/dakshb2/sensor-fault-benchmark/install/experiments/share/experiments/local_setup.sh
[0.445s] -- Installing: /home/dakshb2/sensor-fault-benchmark/install/experiments/share/experiments/local_setup.zsh
[0.445s] -- Installing: /home/dakshb2/sensor-fault-benchmark/install/experiments/share/experiments/local_setup.dsv
[0.445s] -- Installing: /home/dakshb2/sensor-fault-benchmark/install/experiments/share/experiments/package.dsv
[0.445s] -- Installing: /home/dakshb2/sensor-fault-benchmark/install/experiments/share/ament_index/resource_index/packages/experiments
[0.445s] -- Installing: /home/dakshb2/sensor-fault-benchmark/install/experiments/share/experiments/cmake/experimentsConfig.cmake
[0.445s] -- Installing: /home/dakshb2/sensor-fault-benchmark/install/experiments/share/experiments/cmake/experimentsConfig-version.cmake
[0.445s] -- Installing: /home/dakshb2/sensor-fault-benchmark/install/experiments/share/experiments/package.xml
[0.446s] Invoked command in '/home/dakshb2/sensor-fault-benchmark/build/experiments' returned '0': CMAKE_PREFIX_PATH=/home/dakshb2/ros2_ws/install/my_robot_description:/home/dakshb2/ros2_ws/install/my_robot_controller:/home/dakshb2/ros2_ws/install/diff_robot:/opt/ros/humble /usr/bin/cmake --install /home/dakshb2/sensor-fault-benchmark/build/experiments
