running egg_info
writing ../build/experiments/experiments.egg-info/PKG-INFO
writing dependency_links to ../build/experiments/experiments.egg-info/dependency_links.txt
writing entry points to ../build/experiments/experiments.egg-info/entry_points.txt
writing requirements to ../build/experiments/experiments.egg-info/requires.txt
writing top-level names to ../build/experiments/experiments.egg-info/top_level.txt
reading manifest file '../build/experiments/experiments.egg-info/SOURCES.txt'
writing manifest file '../build/experiments/experiments.egg-info/SOURCES.txt'
running build
running build_py
copying experiments/drive_trajectory.py -> /home/dakshb2/sensor-fault-benchmark/build/experiments/build/lib/experiments
running install
running install_lib
copying /home/dakshb2/sensor-fault-benchmark/build/experiments/build/lib/experiments/drive_trajectory.py -> /home/dakshb2/sensor-fault-benchmark/install/experiments/lib/python3.10/site-packages/experiments
byte-compiling /home/dakshb2/sensor-fault-benchmark/install/experiments/lib/python3.10/site-packages/experiments/drive_trajectory.py to drive_trajectory.cpython-310.pyc
running install_data
copying package.xml -> /home/dakshb2/sensor-fault-benchmark/install/experiments/share/experiments
creating /home/dakshb2/sensor-fault-benchmark/install/experiments/share/experiments/trajectories
copying trajectories/box.yaml -> /home/dakshb2/sensor-fault-benchmark/install/experiments/share/experiments/trajectories
copying trajectories/figure_eight.yaml -> /home/dakshb2/sensor-fault-benchmark/install/experiments/share/experiments/trajectories
copying trajectories/straight.yaml -> /home/dakshb2/sensor-fault-benchmark/install/experiments/share/experiments/trajectories
running install_egg_info
removing '/home/dakshb2/sensor-fault-benchmark/install/experiments/lib/python3.10/site-packages/experiments-0.1.0-py3.10.egg-info' (and everything under it)
Copying ../build/experiments/experiments.egg-info to /home/dakshb2/sensor-fault-benchmark/install/experiments/lib/python3.10/site-packages/experiments-0.1.0-py3.10.egg-info
running install_scripts
Installing drive_trajectory script to /home/dakshb2/sensor-fault-benchmark/install/experiments/lib/experiments
writing list of installed files to '/home/dakshb2/sensor-fault-benchmark/build/experiments/install.log'
