[0.076s] DEBUG:colcon:Command line arguments: ['/usr/bin/colcon', 'build', '--packages-select', 'fault_injector']
[0.076s] DEBUG:colcon:Parsed command line arguments: Namespace(log_base=None, log_level=None, verb_name='build', build_base='build', install_base='install', merge_install=False, symlink_install=False, test_result_base=None, continue_on_error=False, executor='parallel', parallel_workers=6, event_handlers=None, ignore_user_meta=False, metas=['./colcon.meta'], base_paths=['.'], packages_ignore=None, packages_ignore_regex=None, paths=None, packages_up_to=None, packages_up_to_regex=None, packages_above=None, packages_above_and_dependencies=None, packages_above_depth=None, packages_select_by_dep=None, packages_skip_by_dep=None, packages_skip_up_to=None, packages_select_build_failed=False, packages_skip_build_finished=False, packages_select_test_failures=False, packages_skip_test_passed=False, packages_select=['fault_injector'], packages_skip=None, packages_select_regex=None, packages_skip_regex=None, packages_start=None, packages_end=None, allow_overriding=[], cmake_args=None, cmake_target=None, cmake_target_skip_unavailable=False, cmake_clean_cache=False, cmake_clean_first=False, cmake_force_configure=False, ament_cmake_args=None, catkin_cmake_args=None, catkin_skip_building_tests=False, verb_parser=<colcon_defaults.argument_parser.defaults.DefaultArgumentsDecorator object at 0xffff822fdc00>, verb_extension=<colcon_core.verb.build.BuildVerb object at 0xffff824b7070>, main=<bound method BuildVerb.main of <colcon_core.verb.build.BuildVerb object at 0xffff824b7070>>)
[0.224s] Level 1:colcon.colcon_core.package_discovery:discover_packages(colcon_meta) check parameters
[0.224s] Level 1:colcon.colcon_core.package_discovery:discover_packages(recursive) check parameters
[0.224s] Level 1:colcon.colcon_core.package_discovery:discover_packages(ignore) check parameters
[0.224s] Level 1:colcon.colcon_core.package_discovery:discover_packages(path) check parameters
[0.224s] Level 1:colcon.colcon_core.package_discovery:discover_packages(colcon_meta) discover
[0.224s] Level 1:colcon.colcon_core.package_discovery:discover_packages(recursive) discover
[0.224s] INFO:colcon.colcon_core.package_discovery:Crawling recursively for packages in '/home/dakshb2/sensor-fault-benchmark'
[0.224s] Level 1:colcon.colcon_core.package_identification:_identify(.) by extensions ['ignore', 'ignore_ament_install']
[0.224s] Level 1:colcon.colcon_core.package_identification:_identify(.) by extension 'ignore'
[0.224s] Level 1:colcon.colcon_core.package_identification:_identify(.) by extension 'ignore_ament_install'
[0.224s] Level 1:colcon.colcon_core.package_identification:_identify(.) by extensions ['colcon_pkg']
[0.224s] Level 1:colcon.colcon_core.package_identification:_identify(.) by extension 'colcon_pkg'
[0.224s] Level 1:colcon.colcon_core.package_identification:_identify(.) by extensions ['colcon_meta']
[0.224s] Level 1:colcon.colcon_core.package_identification:_identify(.) by extension 'colcon_meta'
[0.224s] Level 1:colcon.colcon_core.package_identification:_identify(.) by extensions ['ros']
[0.224s] Level 1:colcon.colcon_core.package_identification:_identify(.) by extension 'ros'
[0.246s] Level 1:colcon.colcon_core.package_identification:_identify(.) by extensions ['cmake', 'python']
[0.247s] Level 1:colcon.colcon_core.package_identification:_identify(.) by extension 'cmake'
[0.247s] Level 1:colcon.colcon_core.package_identification:_identify(.) by extension 'python'
[0.247s] Level 1:colcon.colcon_core.package_identification:_identify(.) by extensions ['python_setup_py']
[0.247s] Level 1:colcon.colcon_core.package_identification:_identify(.) by extension 'python_setup_py'
[0.247s] Level 1:colcon.colcon_core.package_identification:_identify(build) by extensions ['ignore', 'ignore_ament_install']
[0.247s] Level 1:colcon.colcon_core.package_identification:_identify(build) by extension 'ignore'
[0.247s] Level 1:colcon.colcon_core.package_identification:_identify(build) ignored
[0.247s] Level 1:colcon.colcon_core.package_identification:_identify(experiments) by extensions ['ignore', 'ignore_ament_install']
[0.247s] Level 1:colcon.colcon_core.package_identification:_identify(experiments) by extension 'ignore'
[0.247s] Level 1:colcon.colcon_core.package_identification:_identify(experiments) by extension 'ignore_ament_install'
[0.247s] Level 1:colcon.colcon_core.package_identification:_identify(experiments) by extensions ['colcon_pkg']
[0.247s] Level 1:colcon.colcon_core.package_identification:_identify(experiments) by extension 'colcon_pkg'
[0.247s] Level 1:colcon.colcon_core.package_identification:_identify(experiments) by extensions ['colcon_meta']
[0.247s] Level 1:colcon.colcon_core.package_identification:_identify(experiments) by extension 'colcon_meta'
[0.247s] Level 1:colcon.colcon_core.package_identification:_identify(experiments) by extensions ['ros']
[0.247s] Level 1:colcon.colcon_core.package_identification:_identify(experiments) by extension 'ros'
[0.248s] DEBUG:colcon.colcon_core.package_identification:Package 'experiments' with type 'ros.ament_python' and name 'experiments'
[0.249s] Level 1:colcon.colcon_core.package_identification:_identify(fault_injector) by extensions ['ignore', 'ignore_ament_install']
[0.249s] Level 1:colcon.colcon_core.package_identification:_identify(fault_injector) by extension 'ignore'
[0.249s] Level 1:colcon.colcon_core.package_identification:_identify(fault_injector) by extension 'ignore_ament_install'
[0.249s] Level 1:colcon.colcon_core.package_identification:_identify(fault_injector) by extensions ['colcon_pkg']
[0.249s] Level 1:colcon.colcon_core.package_identification:_identify(fault_injector) by extension 'colcon_pkg'
[0.249s] Level 1:colcon.colcon_core.package_identification:_identify(fault_injector) by extensions ['colcon_meta']
[0.249s] Level 1:colcon.colcon_core.package_identification:_identify(fault_injector) by extension 'colcon_meta'
[0.249s] Level 1:colcon.colcon_core.package_identification:_identify(fault_injector) by extensions ['ros']
[0.249s] Level 1:colcon.colcon_core.package_identification:_identify(fault_injector) by extension 'ros'
[0.249s] DEBUG:colcon.colcon_core.package_identification:Package 'fault_injector' with type 'ros.ament_python' and name 'fault_injector'
[0.249s] Level 1:colcon.colcon_core.package_identification:_identify(fdir) by extensions ['ignore', 'ignore_ament_install']
[0.249s] Level 1:colcon.colcon_core.package_identification:_identify(fdir) by extension 'ignore'
[0.249s] Level 1:colcon.colcon_core.package_identification:_identify(fdir) by extension 'ignore_ament_install'
[0.249s] Level 1:colcon.colcon_core.package_identification:_identify(fdir) by extensions ['colcon_pkg']
[0.249s] Level 1:colcon.colcon_core.package_identification:_identify(fdir) by extension 'colcon_pkg'
[0.249s] Level 1:colcon.colcon_core.package_identification:_identify(fdir) by extensions ['colcon_meta']
[0.249s] Level 1:colcon.colcon_core.package_identification:_identify(fdir) by extension 'colcon_meta'
[0.249s] Level 1:colcon.colcon_core.package_identification:_identify(fdir) by extensions ['ros']
[0.249s] Level 1:colcon.colcon_core.package_identification:_identify(fdir) by extension 'ros'
[0.250s] DEBUG:colcon.colcon_core.package_identification:Package 'fdir' with type 'ros.ament_python' and name 'fdir'
[0.250s] Level 1:colcon.colcon_core.package_identification:_identify(install) by extensions ['ignore', 'ignore_ament_install']
[0.250s] Level 1:colcon.colcon_core.package_identification:_identify(install) by extension 'ignore'
[0.250s] Level 1:colcon.colcon_core.package_identification:_identify(install) ignored
[0.250s] Level 1:colcon.colcon_core.package_identification:_identify(log) by extensions ['ignore', 'ignore_ament_install']
[0.250s] Level 1:colcon.colcon_core.package_identification:_identify(log) by extension 'ignore'
[0.250s] Level 1:colcon.colcon_core.package_identification:_identify(log) ignored
[0.250s] Level 1:colcon.colcon_core.package_identification:_identify(results) by extensions ['ignore', 'ignore_ament_install']
[0.250s] Level 1:colcon.colcon_core.package_identification:_identify(results) by extension 'ignore'
[0.250s] Level 1:colcon.colcon_core.package_identification:_identify(results) by extension 'ignore_ament_install'
[0.250s] Level 1:colcon.colcon_core.package_identification:_identify(results) by extensions ['colcon_pkg']
[0.250s] Level 1:colcon.colcon_core.package_identification:_identify(results) by extension 'colcon_pkg'
[0.250s] Level 1:colcon.colcon_core.package_identification:_identify(results) by extensions ['colcon_meta']
[0.250s] Level 1:colcon.colcon_core.package_identification:_identify(results) by extension 'colcon_meta'
[0.250s] Level 1:colcon.colcon_core.package_identification:_identify(results) by extensions ['ros']
[0.250s] Level 1:colcon.colcon_core.package_identification:_identify(results) by extension 'ros'
[0.250s] Level 1:colcon.colcon_core.package_identification:_identify(results) by extensions ['cmake', 'python']
[0.250s] Level 1:colcon.colcon_core.package_identification:_identify(results) by extension 'cmake'
[0.250s] Level 1:colcon.colcon_core.package_identification:_identify(results) by extension 'python'
[0.250s] Level 1:colcon.colcon_core.package_identification:_identify(results) by extensions ['python_setup_py']
[0.250s] Level 1:colcon.colcon_core.package_identification:_identify(results) by extension 'python_setup_py'
[0.250s] Level 1:colcon.colcon_core.package_identification:_identify(scoring) by extensions ['ignore', 'ignore_ament_install']
[0.250s] Level 1:colcon.colcon_core.package_identification:_identify(scoring) by extension 'ignore'
[0.250s] Level 1:colcon.colcon_core.package_identification:_identify(scoring) by extension 'ignore_ament_install'
[0.250s] Level 1:colcon.colcon_core.package_identification:_identify(scoring) by extensions ['colcon_pkg']
[0.250s] Level 1:colcon.colcon_core.package_identification:_identify(scoring) by extension 'colcon_pkg'
[0.250s] Level 1:colcon.colcon_core.package_identification:_identify(scoring) by extensions ['colcon_meta']
[0.250s] Level 1:colcon.colcon_core.package_identification:_identify(scoring) by extension 'colcon_meta'
[0.250s] Level 1:colcon.colcon_core.package_identification:_identify(scoring) by extensions ['ros']
[0.250s] Level 1:colcon.colcon_core.package_identification:_identify(scoring) by extension 'ros'
[0.251s] DEBUG:colcon.colcon_core.package_identification:Package 'scoring' with type 'ros.ament_python' and name 'scoring'
[0.251s] Level 1:colcon.colcon_core.package_identification:_identify(sim_bringup) by extensions ['ignore', 'ignore_ament_install']
[0.251s] Level 1:colcon.colcon_core.package_identification:_identify(sim_bringup) by extension 'ignore'
[0.251s] Level 1:colcon.colcon_core.package_identification:_identify(sim_bringup) by extension 'ignore_ament_install'
[0.251s] Level 1:colcon.colcon_core.package_identification:_identify(sim_bringup) by extensions ['colcon_pkg']
[0.251s] Level 1:colcon.colcon_core.package_identification:_identify(sim_bringup) by extension 'colcon_pkg'
[0.251s] Level 1:colcon.colcon_core.package_identification:_identify(sim_bringup) by extensions ['colcon_meta']
[0.251s] Level 1:colcon.colcon_core.package_identification:_identify(sim_bringup) by extension 'colcon_meta'
[0.251s] Level 1:colcon.colcon_core.package_identification:_identify(sim_bringup) by extensions ['ros']
[0.251s] Level 1:colcon.colcon_core.package_identification:_identify(sim_bringup) by extension 'ros'
[0.251s] DEBUG:colcon.colcon_core.package_identification:Package 'sim_bringup' with type 'ros.ament_cmake' and name 'sim_bringup'
[0.251s] Level 1:colcon.colcon_core.package_discovery:discover_packages(recursive) using defaults
[0.251s] Level 1:colcon.colcon_core.package_discovery:discover_packages(ignore) discover
[0.251s] Level 1:colcon.colcon_core.package_discovery:discover_packages(ignore) using defaults
[0.251s] Level 1:colcon.colcon_core.package_discovery:discover_packages(path) discover
[0.251s] Level 1:colcon.colcon_core.package_discovery:discover_packages(path) using defaults
[0.264s] INFO:colcon.colcon_core.package_selection:Skipping not selected package 'experiments' in 'experiments'
[0.264s] INFO:colcon.colcon_core.package_selection:Skipping not selected package 'fdir' in 'fdir'
[0.264s] INFO:colcon.colcon_core.package_selection:Skipping not selected package 'scoring' in 'scoring'
[0.264s] INFO:colcon.colcon_core.package_selection:Skipping not selected package 'sim_bringup' in 'sim_bringup'
[0.264s] Level 1:colcon.colcon_core.package_discovery:discover_packages(prefix_path) check parameters
[0.264s] Level 1:colcon.colcon_core.package_discovery:discover_packages(prefix_path) discover
[0.266s] DEBUG:colcon.colcon_installed_package_information.package_discovery:Found 3 installed packages in /home/dakshb2/ros2_ws/install
[0.266s] DEBUG:colcon.colcon_installed_package_information.package_discovery:Found 334 installed packages in /opt/ros/humble
[0.267s] Level 1:colcon.colcon_core.package_discovery:discover_packages(prefix_path) using defaults
[0.285s] Level 5:colcon.colcon_core.verb:set package 'fault_injector' build argument 'cmake_args' from command line to 'None'
[0.285s] Level 5:colcon.colcon_core.verb:set package 'fault_injector' build argument 'cmake_target' from command line to 'None'
[0.285s] Level 5:colcon.colcon_core.verb:set package 'fault_injector' build argument 'cmake_target_skip_unavailable' from command line to 'False'
[0.285s] Level 5:colcon.colcon_core.verb:set package 'fault_injector' build argument 'cmake_clean_cache' from command line to 'False'
[0.285s] Level 5:colcon.colcon_core.verb:set package 'fault_injector' build argument 'cmake_clean_first' from command line to 'False'
[0.285s] Level 5:colcon.colcon_core.verb:set package 'fault_injector' build argument 'cmake_force_configure' from command line to 'False'
[0.285s] Level 5:colcon.colcon_core.verb:set package 'fault_injector' build argument 'ament_cmake_args' from command line to 'None'
[0.285s] Level 5:colcon.colcon_core.verb:set package 'fault_injector' build argument 'catkin_cmake_args' from command line to 'None'
[0.285s] Level 5:colcon.colcon_core.verb:set package 'fault_injector' build argument 'catkin_skip_building_tests' from command line to 'False'
[0.285s] DEBUG:colcon.colcon_core.verb:Building package 'fault_injector' with the following arguments: {'ament_cmake_args': None, 'build_base': '/home/dakshb2/sensor-fault-benchmark/build/fault_injector', 'catkin_cmake_args': None, 'catkin_skip_building_tests': False, 'cmake_args': None, 'cmake_clean_cache': False, 'cmake_clean_first': False, 'cmake_force_configure': False, 'cmake_target': None, 'cmake_target_skip_unavailable': False, 'install_base': '/home/dakshb2/sensor-fault-benchmark/install/fault_injector', 'merge_install': False, 'path': '/home/dakshb2/sensor-fault-benchmark/fault_injector', 'symlink_install': False, 'test_result_base': None}
[0.285s] INFO:colcon.colcon_core.executor:Executing jobs using 'parallel' executor
[0.286s] DEBUG:colcon.colcon_parallel_executor.executor.parallel:run_until_complete
[0.286s] INFO:colcon.colcon_ros.task.ament_python.build:Building ROS package in '/home/dakshb2/sensor-fault-benchmark/fault_injector' with build type 'ament_python'
[0.286s] Level 1:colcon.colcon_core.shell:create_environment_hook('fault_injector', 'ament_prefix_path')
[0.289s] INFO:colcon.colcon_core.plugin_system:Skipping extension 'colcon_core.shell.bat': Not used on non-Windows systems
[0.289s] INFO:colcon.colcon_core.shell:Creating environment hook '/home/dakshb2/sensor-fault-benchmark/install/fault_injector/share/fault_injector/hook/ament_prefix_path.ps1'
[0.290s] INFO:colcon.colcon_core.shell:Creating environment descriptor '/home/dakshb2/sensor-fault-benchmark/install/fault_injector/share/fault_injector/hook/ament_prefix_path.dsv'
[0.290s] INFO:colcon.colcon_core.shell:Creating environment hook '/home/dakshb2/sensor-fault-benchmark/install/fault_injector/share/fault_injector/hook/ament_prefix_path.sh'
[0.290s] INFO:colcon.colcon_core.shell:Skip shell extension 'powershell' for command environment: Not usable outside of PowerShell
[0.290s] DEBUG:colcon.colcon_core.shell:Skip shell extension 'dsv' for command environment
[0.397s] INFO:colcon.colcon_core.task.python.build:Building Python package in '/home/dakshb2/sensor-fault-benchmark/fault_injector'
[0.397s] INFO:colcon.colcon_core.shell:Skip shell extension 'powershell' for command environment: Not usable outside of PowerShell
[0.397s] DEBUG:colcon.colcon_core.shell:Skip shell extension 'dsv' for command environment
[0.579s] DEBUG:colcon.colcon_core.event_handler.log_command:Invoking command in '/home/dakshb2/sensor-fault-benchmark/build/fault_injector': PYTHONPATH=/home/dakshb2/sensor-fault-benchmark/build/fault_injector/prefix_override:/usr/lib/python3/dist-packages/colcon_core/task/python/colcon_distutils_commands:/home/dakshb2/sensor-fault-benchmark/install/fault_injector/lib/python3.10/site-packages:${PYTHONPATH} /usr/bin/python3 -W ignore:setup.py install is deprecated -W ignore:easy_install command is deprecated setup.py develop --uninstall --editable --build-directory /home/dakshb2/sensor-fault-benchmark/build/fault_injector/build
[0.754s] DEBUG:colcon.colcon_core.event_handler.log_command:Invoked command in '/home/dakshb2/sensor-fault-benchmark/build/fault_injector' returned '0': PYTHONPATH=/home/dakshb2/sensor-fault-benchmark/build/fault_injector/prefix_override:/usr/lib/python3/dist-packages/colcon_core/task/python/colcon_distutils_commands:/home/dakshb2/sensor-fault-benchmark/install/fault_injector/lib/python3.10/site-packages:${PYTHONPATH} /usr/bin/python3 -W ignore:setup.py install is deprecated -W ignore:easy_install command is deprecated setup.py develop --uninstall --editable --build-directory /home/dakshb2/sensor-fault-benchmark/build/fault_injector/build
[0.755s] DEBUG:colcon.colcon_core.event_handler.log_command:Invoking command in '/home/dakshb2/sensor-fault-benchmark/fault_injector': PYTHONPATH=/home/dakshb2/sensor-fault-benchmark/build/fault_injector/prefix_override:/usr/lib/python3/dist-packages/colcon_core/task/python/colcon_distutils_commands:/home/dakshb2/sensor-fault-benchmark/install/fault_injector/lib/python3.10/site-packages:${PYTHONPATH} /usr/bin/python3 -W ignore:setup.py install is deprecated -W ignore:easy_install command is deprecated setup.py egg_info --egg-base ../build/fault_injector build --build-base /home/dakshb2/sensor-fault-benchmark/build/fault_injector/build install --record /home/dakshb2/sensor-fault-benchmark/build/fault_injector/install.log --single-version-externally-managed install_data --force
[0.871s] DEBUG:colcon.colcon_core.event_handler.log_command:Invoked command in '/home/dakshb2/sensor-fault-benchmark/fault_injector' returned '0': PYTHONPATH=/home/dakshb2/sensor-fault-benchmark/build/fault_injector/prefix_override:/usr/lib/python3/dist-packages/colcon_core/task/python/colcon_distutils_commands:/home/dakshb2/sensor-fault-benchmark/install/fault_injector/lib/python3.10/site-packages:${PYTHONPATH} /usr/bin/python3 -W ignore:setup.py install is deprecated -W ignore:easy_install command is deprecated setup.py egg_info --egg-base ../build/fault_injector build --build-base /home/dakshb2/sensor-fault-benchmark/build/fault_injector/build install --record /home/dakshb2/sensor-fault-benchmark/build/fault_injector/install.log --single-version-externally-managed install_data --force
[0.875s] Level 1:colcon.colcon_core.environment:checking '/home/dakshb2/sensor-fault-benchmark/install/fault_injector' for CMake module files
[0.875s] Level 1:colcon.colcon_core.environment:checking '/home/dakshb2/sensor-fault-benchmark/install/fault_injector' for CMake config files
[0.875s] Level 1:colcon.colcon_core.environment:checking '/home/dakshb2/sensor-fault-benchmark/install/fault_injector/lib'
[0.875s] Level 1:colcon.colcon_core.environment:checking '/home/dakshb2/sensor-fault-benchmark/install/fault_injector/bin'
[0.875s] Level 1:colcon.colcon_core.environment:checking '/home/dakshb2/sensor-fault-benchmark/install/fault_injector/lib/pkgconfig/fault_injector.pc'
[0.875s] Level 1:colcon.colcon_core.environment:checking '/home/dakshb2/sensor-fault-benchmark/install/fault_injector/lib/python3.10/site-packages'
[0.875s] Level 1:colcon.colcon_core.shell:create_environment_hook('fault_injector', 'pythonpath')
[0.876s] INFO:colcon.colcon_core.shell:Creating environment hook '/home/dakshb2/sensor-fault-benchmark/install/fault_injector/share/fault_injector/hook/pythonpath.ps1'
[0.876s] INFO:colcon.colcon_core.shell:Creating environment descriptor '/home/dakshb2/sensor-fault-benchmark/install/fault_injector/share/fault_injector/hook/pythonpath.dsv'
[0.876s] INFO:colcon.colcon_core.shell:Creating environment hook '/home/dakshb2/sensor-fault-benchmark/install/fault_injector/share/fault_injector/hook/pythonpath.sh'
[0.876s] Level 1:colcon.colcon_core.environment:checking '/home/dakshb2/sensor-fault-benchmark/install/fault_injector/bin'
[0.876s] Level 1:colcon.colcon_core.environment:create_environment_scripts_only(fault_injector)
[0.877s] INFO:colcon.colcon_core.shell:Creating package script '/home/dakshb2/sensor-fault-benchmark/install/fault_injector/share/fault_injector/package.ps1'
[0.877s] INFO:colcon.colcon_core.shell:Creating package descriptor '/home/dakshb2/sensor-fault-benchmark/install/fault_injector/share/fault_injector/package.dsv'
[0.878s] INFO:colcon.colcon_core.shell:Creating package script '/home/dakshb2/sensor-fault-benchmark/install/fault_injector/share/fault_injector/package.sh'
[0.878s] INFO:colcon.colcon_core.shell:Creating package script '/home/dakshb2/sensor-fault-benchmark/install/fault_injector/share/fault_injector/package.bash'
[0.879s] INFO:colcon.colcon_core.shell:Creating package script '/home/dakshb2/sensor-fault-benchmark/install/fault_injector/share/fault_injector/package.zsh'
[0.879s] Level 1:colcon.colcon_core.environment:create_file_with_runtime_dependencies(/home/dakshb2/sensor-fault-benchmark/install/fault_injector/share/colcon-core/packages/fault_injector)
[0.879s] DEBUG:colcon.colcon_parallel_executor.executor.parallel:closing loop
[0.880s] DEBUG:colcon.colcon_parallel_executor.executor.parallel:loop closed
[0.880s] DEBUG:colcon.colcon_parallel_executor.executor.parallel:run_until_complete finished with '0'
[0.880s] DEBUG:colcon.colcon_core.event_reactor:joining thread
[0.883s] INFO:colcon.colcon_core.plugin_system:Skipping extension 'colcon_notification.desktop_notification.terminal_notifier': Not used on non-Darwin systems
[0.883s] INFO:colcon.colcon_core.plugin_system:Skipping extension 'colcon_notification.desktop_notification.win32': Not used on non-Windows systems
[0.883s] INFO:colcon.colcon_notification.desktop_notification:Sending desktop notification using 'notify2'
[0.891s] DEBUG:colcon.colcon_core.event_reactor:joined thread
[0.893s] INFO:colcon.colcon_core.shell:Creating prefix script '/home/dakshb2/sensor-fault-benchmark/install/local_setup.ps1'
[0.894s] INFO:colcon.colcon_core.shell:Creating prefix util module '/home/dakshb2/sensor-fault-benchmark/install/_local_setup_util_ps1.py'
[0.895s] INFO:colcon.colcon_core.shell:Creating prefix chain script '/home/dakshb2/sensor-fault-benchmark/install/setup.ps1'
[0.896s] INFO:colcon.colcon_core.shell:Creating prefix script '/home/dakshb2/sensor-fault-benchmark/install/local_setup.sh'
[0.897s] INFO:colcon.colcon_core.shell:Creating prefix util module '/home/dakshb2/sensor-fault-benchmark/install/_local_setup_util_sh.py'
[0.897s] INFO:colcon.colcon_core.shell:Creating prefix chain script '/home/dakshb2/sensor-fault-benchmark/install/setup.sh'
[0.898s] INFO:colcon.colcon_core.shell:Creating prefix script '/home/dakshb2/sensor-fault-benchmark/install/local_setup.bash'
[0.898s] INFO:colcon.colcon_core.shell:Creating prefix chain script '/home/dakshb2/sensor-fault-benchmark/install/setup.bash'
[0.899s] INFO:colcon.colcon_core.shell:Creating prefix script '/home/dakshb2/sensor-fault-benchmark/install/local_setup.zsh'
[0.899s] INFO:colcon.colcon_core.shell:Creating prefix chain script '/home/dakshb2/sensor-fault-benchmark/install/setup.zsh'
