[0.005s] Invoking command in '/home/dakshb2/sensor-fault-benchmark/build/sim_bringup': AMENT_PREFIX_PATH=/home/dakshb2/sensor-fault-benchmark/install/fault_injector:/home/dakshb2/sensor-fault-benchmark/install/experiments:${AMENT_PREFIX_PATH} CMAKE_PREFIX_PATH=/home/dakshb2/ros2_ws/install/my_robot_description:/home/dakshb2/ros2_ws/install/my_robot_controller:/home/dakshb2/ros2_ws/install/diff_robot:/opt/ros/humble PYTHONPATH=/home/dakshb2/sensor-fault-benchmark/install/fault_injector/lib/python3.10/site-packages:/home/dakshb2/sensor-fault-benchmark/install/experiments/lib/python3.10/site-packages:${PYTHONPATH} /usr/bin/cmake /home/dakshb2/sensor-fault-benchmark/sim_bringup -DCMAKE_INSTALL_PREFIX=/home/dakshb2/sensor-fault-benchmark/install/sim_bringup
[0.020s] -- Found ament_cmake: 1.3.14 (/opt/ros/humble/share/ament_cmake/cmake)
[0.085s] -- Override CMake install command with custom implementation using symlinks instead of copying resources
[0.147s] -- Configuring done
[0.151s] -- Generating done
[0.152s] -- Build files have been written to: /home/dakshb2/sensor-fault-benchmark/build/sim_bringup
[0.153s] Invoked command in '/home/dakshb2/sensor-fault-benchmark/build/sim_bringup' returned '0': AMENT_PREFIX_PATH=/home/dakshb2/sensor-fault-benchmark/install/fault_injector:/home/dakshb2/sensor-fault-benchmark/install/experiments:${AMENT_PREFIX_PATH} CMAKE_PREFIX_PATH=/home/dakshb2/ros2_ws/install/my_robot_description:/home/dakshb2/ros2_ws/install/my_robot_controller:/home/dakshb2/ros2_ws/install/diff_robot:/opt/ros/humble PYTHONPATH=/home/dakshb2/sensor-fault-benchmark/install/fault_injector/lib/python3.10/site-packages:/home/dakshb2/sensor-fault-benchmark/install/experiments/lib/python3.10/site-packages:${PYTHONPATH} /usr/bin/cmake /home/dakshb2/sensor-fault-benchmark/sim_bringup -DCMAKE_INSTALL_PREFIX=/home/dakshb2/sensor-fault-benchmark/install/sim_bringup
[0.154s] Invoking command in '/home/dakshb2/sensor-fault-benchmark/build/sim_bringup': AMENT_PREFIX_PATH=/home/dakshb2/sensor-fault-benchmark/install/fault_injector:/home/dakshb2/sensor-fault-benchmark/install/experiments:${AMENT_PREFIX_PATH} CMAKE_PREFIX_PATH=/home/dakshb2/ros2_ws/install/my_robot_description:/home/dakshb2/ros2_ws/install/my_robot_controller:/home/dakshb2/ros2_ws/install/diff_robot:/opt/ros/humble PYTHONPATH=/home/dakshb2/sensor-fault-benchmark/install/fault_injector/lib/python3.10/site-packages:/home/dakshb2/sensor-fault-benchmark/install/experiments/lib/python3.10/site-packages:${PYTHONPATH} /usr/bin/cmake --build /home/dakshb2/sensor-fault-benchmark/build/sim_bringup -- -j6 -l6
[0.169s] Invoked command in '/home/dakshb2/sensor-fault-benchmark/build/sim_bringup' returned '0': AMENT_PREFIX_PATH=/home/dakshb2/sensor-fault-benchmark/install/fault_injector:/home/dakshb2/sensor-fault-benchmark/install/experiments:${AMENT_PREFIX_PATH} CMAKE_PREFIX_PATH=/home/dakshb2/ros2_ws/install/my_robot_description:/home/dakshb2/ros2_ws/install/my_robot_controller:/home/dakshb2/ros2_ws/install/diff_robot:/opt/ros/humble PYTHONPATH=/home/dakshb2/sensor-fault-benchmark/install/fault_injector/lib/python3.10/site-packages:/home/dakshb2/sensor-fault-benchmark/install/experiments/lib/python3.10/site-packages:${PYTHONPATH} /usr/bin/cmake --build /home/dakshb2/sensor-fault-benchmark/build/sim_bringup -- -j6 -l6
[0.173s] Invoking command in '/home/dakshb2/sensor-fault-benchmark/build/sim_bringup': AMENT_PREFIX_PATH=/home/dakshb2/sensor-fault-benchmark/install/fault_injector:/home/dakshb2/sensor-fault-benchmark/install/experiments:${AMENT_PREFIX_PATH} CMAKE_PREFIX_PATH=/home/dakshb2/ros2_ws/install/my_robot_description:/home/dakshb2/ros2_ws/install/my_robot_controller:/home/dakshb2/ros2_ws/install/diff_robot:/opt/ros/humble PYTHONPATH=/home/dakshb2/sensor-fault-benchmark/install/fault_injector/lib/python3.10/site-packages:/home/dakshb2/sensor-fault-benchmark/install/experiments/lib/python3.10/site-packages:${PYTHONPATH} /usr/bin/cmake --install /home/dakshb2/sensor-fault-benchmark/build/sim_bringup
[0.175s] -- Install configuration: ""
[0.175s] -- Execute custom install script
[0.176s] -- Up-to-date symlink: /home/dakshb2/sensor-fault-benchmark/install/sim_bringup/share/sim_bringup/description/gazebo_control.xacro
[0.176s] -- Up-to-date symlink: /home/dakshb2/sensor-fault-benchmark/install/sim_bringup/share/sim_bringup/description/robot.urdf.xacro
[0.176s] -- Up-to-date symlink: /home/dakshb2/sensor-fault-benchmark/install/sim_bringup/share/sim_bringup/worlds/empty.sdf
[0.176s] -- Up-to-date symlink: /home/dakshb2/sensor-fault-benchmark/install/sim_bringup/share/sim_bringup/launch/bringup.launch.py
[0.176s] -- Up-to-date symlink: /home/dakshb2/sensor-fault-benchmark/install/sim_bringup/share/sim_bringup/config/bridge.yaml
[0.176s] -- Up-to-date symlink: /home/dakshb2/sensor-fault-benchmark/install/sim_bringup/share/sim_bringup/config/ekf.yaml
[0.176s] -- Up-to-date symlink: /home/dakshb2/sensor-fault-benchmark/install/sim_bringup/share/ament_index/resource_index/package_run_dependencies/sim_bringup
[0.176s] -- Up-to-date symlink: /home/dakshb2/sensor-fault-benchmark/install/sim_bringup/share/ament_index/resource_index/parent_prefix_path/sim_bringup
[0.176s] -- Up-to-date symlink: /home/dakshb2/sensor-fault-benchmark/install/sim_bringup/share/sim_bringup/environment/ament_prefix_path.sh
[0.176s] -- Up-to-date symlink: /home/dakshb2/sensor-fault-benchmark/install/sim_bringup/share/sim_bringup/environment/ament_prefix_path.dsv
[0.177s] -- Up-to-date symlink: /home/dakshb2/sensor-fault-benchmark/install/sim_bringup/share/sim_bringup/environment/path.sh
[0.177s] -- Up-to-date symlink: /home/dakshb2/sensor-fault-benchmark/install/sim_bringup/share/sim_bringup/environment/path.dsv
[0.177s] -- Up-to-date symlink: /home/dakshb2/sensor-fault-benchmark/install/sim_bringup/share/sim_bringup/local_setup.bash
[0.177s] -- Up-to-date symlink: /home/dakshb2/sensor-fault-benchmark/install/sim_bringup/share/sim_bringup/local_setup.sh
[0.177s] -- Up-to-date symlink: /home/dakshb2/sensor-fault-benchmark/install/sim_bringup/share/sim_bringup/local_setup.zsh
[0.177s] -- Up-to-date symlink: /home/dakshb2/sensor-fault-benchmark/install/sim_bringup/share/sim_bringup/local_setup.dsv
[0.177s] -- Symlinking: /home/dakshb2/sensor-fault-benchmark/install/sim_bringup/share/sim_bringup/package.dsv
[0.180s] -- Up-to-date symlink: /home/dakshb2/sensor-fault-benchmark/install/sim_bringup/share/ament_index/resource_index/packages/sim_bringup
[0.180s] -- Up-to-date symlink: /home/dakshb2/sensor-fault-benchmark/install/sim_bringup/share/sim_bringup/cmake/sim_bringupConfig.cmake
[0.180s] -- Up-to-date symlink: /home/dakshb2/sensor-fault-benchmark/install/sim_bringup/share/sim_bringup/cmake/sim_bringupConfig-version.cmake
[0.180s] -- Up-to-date symlink: /home/dakshb2/sensor-fault-benchmark/install/sim_bringup/share/sim_bringup/package.xml
[0.182s] Invoked command in '/home/dakshb2/sensor-fault-benchmark/build/sim_bringup' returned '0': AMENT_PREFIX_PATH=/home/dakshb2/sensor-fault-benchmark/install/fault_injector:/home/dakshb2/sensor-fault-benchmark/install/experiments:${AMENT_PREFIX_PATH} CMAKE_PREFIX_PATH=/home/dakshb2/ros2_ws/install/my_robot_description:/home/dakshb2/ros2_ws/install/my_robot_controller:/home/dakshb2/ros2_ws/install/diff_robot:/opt/ros/humble PYTHONPATH=/home/dakshb2/sensor-fault-benchmark/install/fault_injector/lib/python3.10/site-packages:/home/dakshb2/sensor-fault-benchmark/install/experiments/lib/python3.10/site-packages:${PYTHONPATH} /usr/bin/cmake --install /home/dakshb2/sensor-fault-benchmark/build/sim_bringup
