running egg_info
creating ../build/fdir/fdir.egg-info
writing ../build/fdir/fdir.egg-info/PKG-INFO
writing dependency_links to ../build/fdir/fdir.egg-info/dependency_links.txt
writing entry points to ../build/fdir/fdir.egg-info/entry_points.txt
writing requirements to ../build/fdir/fdir.egg-info/requires.txt
writing top-level names to ../build/fdir/fdir.egg-info/top_level.txt
writing manifest file '../build/fdir/fdir.egg-info/SOURCES.txt'
reading manifest file '../build/fdir/fdir.egg-info/SOURCES.txt'
writing manifest file '../build/fdir/fdir.egg-info/SOURCES.txt'
running build
running build_py
creating /home/dakshb2/sensor-fault-benchmark/build/fdir/build
creating /home/dakshb2/sensor-fault-benchmark/build/fdir/build/lib
creating /home/dakshb2/sensor-fault-benchmark/build/fdir/build/lib/fdir
copying fdir/__init__.py -> /home/dakshb2/sensor-fault-benchmark/build/fdir/build/lib/fdir
running install
running install_lib
creating /home/dakshb2/sensor-fault-benchmark/install/fdir/lib/python3.10/site-packages/fdir
copying /home/dakshb2/sensor-fault-benchmark/build/fdir/build/lib/fdir/__init__.py -> /home/dakshb2/sensor-fault-benchmark/install/fdir/lib/python3.10/site-packages/fdir
byte-compiling /home/dakshb2/sensor-fault-benchmark/install/fdir/lib/python3.10/site-packages/fdir/__init__.py to __init__.cpython-310.pyc
running install_data
creating /home/dakshb2/sensor-fault-benchmark/install/fdir/share/ament_index
creating /home/dakshb2/sensor-fault-benchmark/install/fdir/share/ament_index/resource_index
creating /home/dakshb2/sensor-fault-benchmark/install/fdir/share/ament_index/resource_index/packages
copying resource/fdir -> /home/dakshb2/sensor-fault-benchmark/install/fdir/share/ament_index/resource_index/packages
copying package.xml -> /home/dakshb2/sensor-fault-benchmark/install/fdir/share/fdir
running install_egg_info
Copying ../build/fdir/fdir.egg-info to /home/dakshb2/sensor-fault-benchmark/install/fdir/lib/python3.10/site-packages/fdir-0.0.0-py3.10.egg-info
running install_scripts
writing list of installed files to '/home/dakshb2/sensor-fault-benchmark/build/fdir/install.log'
